Archive member included to satisfy reference by file (symbol)

c:/program files (x86)/atmel/studio/7.0/toolchain/arm/arm-gnu-toolchain/bin/../lib/gcc/arm-none-eabi/6.3.1/thumb/v6-m\libgcc.a(_udivsi3.o)
                              src/ASF/sam0/drivers/sercom/i2c/i2c_sam0/i2c_master.o (__aeabi_uidiv)
c:/program files (x86)/atmel/studio/7.0/toolchain/arm/arm-gnu-toolchain/bin/../lib/gcc/arm-none-eabi/6.3.1/thumb/v6-m\libgcc.a(_dvmd_tls.o)
                              c:/program files (x86)/atmel/studio/7.0/toolchain/arm/arm-gnu-toolchain/bin/../lib/gcc/arm-none-eabi/6.3.1/thumb/v6-m\libgcc.a(_udivsi3.o) (__aeabi_idiv0)
c:/program files (x86)/atmel/studio/7.0/toolchain/arm/arm-gnu-toolchain/bin/../lib/gcc/arm-none-eabi/6.3.1/thumb/v6-m\libgcc.a(_muldi3.o)
                              src/ASF/sam0/drivers/sercom/sercom.o (__aeabi_lmul)
c:/program files (x86)/atmel/studio/7.0/toolchain/arm/arm-gnu-toolchain/bin/../lib/gcc/arm-none-eabi/6.3.1/thumb/v6-m\libgcc.a(adddf3.o)
                              src/ASF/sam0/drivers/sercom/i2c/i2c_sam0/i2c_master.o (__aeabi_dadd)
c:/program files (x86)/atmel/studio/7.0/toolchain/arm/arm-gnu-toolchain/bin/../lib/gcc/arm-none-eabi/6.3.1/thumb/v6-m\libgcc.a(divdf3.o)
                              src/ASF/sam0/drivers/sercom/i2c/i2c_sam0/i2c_master.o (__aeabi_ddiv)
c:/program files (x86)/atmel/studio/7.0/toolchain/arm/arm-gnu-toolchain/bin/../lib/gcc/arm-none-eabi/6.3.1/thumb/v6-m\libgcc.a(muldf3.o)
                              src/ASF/sam0/drivers/sercom/i2c/i2c_sam0/i2c_master.o (__aeabi_dmul)
c:/program files (x86)/atmel/studio/7.0/toolchain/arm/arm-gnu-toolchain/bin/../lib/gcc/arm-none-eabi/6.3.1/thumb/v6-m\libgcc.a(subdf3.o)
                              src/ASF/sam0/drivers/sercom/i2c/i2c_sam0/i2c_master.o (__aeabi_dsub)
c:/program files (x86)/atmel/studio/7.0/toolchain/arm/arm-gnu-toolchain/bin/../lib/gcc/arm-none-eabi/6.3.1/thumb/v6-m\libgcc.a(fixdfsi.o)
                              src/ASF/sam0/drivers/sercom/i2c/i2c_sam0/i2c_master.o (__aeabi_d2iz)
c:/program files (x86)/atmel/studio/7.0/toolchain/arm/arm-gnu-toolchain/bin/../lib/gcc/arm-none-eabi/6.3.1/thumb/v6-m\libgcc.a(floatunsidf.o)
                              src/ASF/sam0/drivers/sercom/i2c/i2c_sam0/i2c_master.o (__aeabi_ui2d)
c:/program files (x86)/atmel/studio/7.0/toolchain/arm/arm-gnu-toolchain/bin/../lib/gcc/arm-none-eabi/6.3.1/thumb/v6-m\libgcc.a(_clzsi2.o)
                              c:/program files (x86)/atmel/studio/7.0/toolchain/arm/arm-gnu-toolchain/bin/../lib/gcc/arm-none-eabi/6.3.1/thumb/v6-m\libgcc.a(adddf3.o) (__clzsi2)
c:/program files (x86)/atmel/studio/7.0/toolchain/arm/arm-gnu-toolchain/bin/../lib/gcc/arm-none-eabi/6.3.1/../../../../arm-none-eabi/lib/thumb/v6-m\libc_nano.a(lib_a-exit.o)
                              c:/program files (x86)/atmel/studio/7.0/toolchain/arm/arm-gnu-toolchain/bin/../lib/gcc/arm-none-eabi/6.3.1/../../../../arm-none-eabi/lib/thumb/v6-m/crt0.o (exit)
c:/program files (x86)/atmel/studio/7.0/toolchain/arm/arm-gnu-toolchain/bin/../lib/gcc/arm-none-eabi/6.3.1/../../../../arm-none-eabi/lib/thumb/v6-m\libc_nano.a(lib_a-impure.o)
                              c:/program files (x86)/atmel/studio/7.0/toolchain/arm/arm-gnu-toolchain/bin/../lib/gcc/arm-none-eabi/6.3.1/../../../../arm-none-eabi/lib/thumb/v6-m\libc_nano.a(lib_a-exit.o) (_global_impure_ptr)
c:/program files (x86)/atmel/studio/7.0/toolchain/arm/arm-gnu-toolchain/bin/../lib/gcc/arm-none-eabi/6.3.1/../../../../arm-none-eabi/lib/thumb/v6-m\libc_nano.a(lib_a-init.o)
                              c:/program files (x86)/atmel/studio/7.0/toolchain/arm/arm-gnu-toolchain/bin/../lib/gcc/arm-none-eabi/6.3.1/../../../../arm-none-eabi/lib/thumb/v6-m/crt0.o (__libc_init_array)
c:/program files (x86)/atmel/studio/7.0/toolchain/arm/arm-gnu-toolchain/bin/../lib/gcc/arm-none-eabi/6.3.1/../../../../arm-none-eabi/lib/thumb/v6-m\libc_nano.a(lib_a-memcpy-stub.o)
                              src/rtccalendar.o (memcpy)
c:/program files (x86)/atmel/studio/7.0/toolchain/arm/arm-gnu-toolchain/bin/../lib/gcc/arm-none-eabi/6.3.1/../../../../arm-none-eabi/lib/thumb/v6-m\libc_nano.a(lib_a-memset.o)
                              c:/program files (x86)/atmel/studio/7.0/toolchain/arm/arm-gnu-toolchain/bin/../lib/gcc/arm-none-eabi/6.3.1/../../../../arm-none-eabi/lib/thumb/v6-m/crt0.o (memset)
c:/program files (x86)/atmel/studio/7.0/toolchain/arm/arm-gnu-toolchain/bin/../lib/gcc/arm-none-eabi/6.3.1/../../../../arm-none-eabi/lib/thumb/v6-m\libc_nano.a(lib_a-sprintf.o)
                              src/rtccalendar.o (sprintf)
c:/program files (x86)/atmel/studio/7.0/toolchain/arm/arm-gnu-toolchain/bin/../lib/gcc/arm-none-eabi/6.3.1/../../../../arm-none-eabi/lib/thumb/v6-m\libc_nano.a(lib_a-nano-svfprintf.o)
[...]
Memory Configuration

Name             Origin             Length             Attributes
rom              0x00000000         0x00040000         xr
ram              0x20000000         0x00008000         xrw
*default*        0x00000000         0xffffffff

Linker script and memory map

LOAD c:/program files (x86)/atmel/studio/7.0/toolchain/arm/arm-gnu-toolchain/bin/../lib/gcc/arm-none-eabi/6.3.1/thumb/v6-m/crti.o
LOAD c:/program files (x86)/atmel/studio/7.0/toolchain/arm/arm-gnu-toolchain/bin/../lib/gcc/arm-none-eabi/6.3.1/thumb/v6-m/crtbegin.o
LOAD c:/program files (x86)/atmel/studio/7.0/toolchain/arm/arm-gnu-toolchain/bin/../lib/gcc/arm-none-eabi/6.3.1/../../../../arm-none-eabi/lib/thumb/v6-m/crt0.o
LOAD src/ASF/sam0/drivers/sercom/i2c/i2c_sam0/i2c_master.o
LOAD src/ASF/sam0/drivers/sercom/spi/spi.o
LOAD src/at24c32.o
LOAD src/ds1307.o
LOAD src/esp32interface.o
LOAD src/gpioboard.o
LOAD src/I2CMasterChannel.o
LOAD src/inputsmonitor.o
LOAD src/messagestore.o
LOAD src/rtccalendar.o
LOAD src/schedulertimer.o
LOAD src/spiflash.o
LOAD src/usartmodule.o
LOAD src/ASF/common2/services/delay/sam0/systick_counter.o
LOAD src/ASF/sam0/drivers/rtc/rtc_sam_d_r_h/rtc_calendar.o
LOAD src/ASF/sam0/drivers/sercom/sercom.o
LOAD src/ASF/sam0/drivers/sercom/usart/usart.o
LOAD src/ASF/sam0/drivers/sercom/usart/usart_interrupt.o
LOAD src/ASF/sam0/drivers/sercom/sercom_interrupt.o
LOAD src/ASF/common/utils/interrupt/interrupt_sam_nvic.o
LOAD src/ASF/sam0/boards/samd21_xplained_pro/board_init.o
LOAD src/ASF/sam0/drivers/port/port.o
LOAD src/ASF/sam0/drivers/system/clock/clock_samd21_r21_da_ha1/clock.o
LOAD src/ASF/sam0/drivers/system/clock/clock_samd21_r21_da_ha1/gclk.o
LOAD src/ASF/sam0/drivers/system/interrupt/system_interrupt.o
LOAD src/ASF/sam0/drivers/system/pinmux/pinmux.o
LOAD src/ASF/sam0/drivers/system/system.o
LOAD src/ASF/sam0/drivers/tc/tc_interrupt.o
LOAD src/ASF/sam0/drivers/tc/tc_sam_d_r_h/tc.o
LOAD src/ASF/sam0/utils/cmsis/samd21/source/gcc/startup_samd21.o
LOAD src/ASF/sam0/utils/cmsis/samd21/source/system_samd21.o
LOAD src/ASF/sam0/utils/syscalls/gcc/syscalls.o
LOAD src/main.o
START GROUP
LOAD ../src/ASF/thirdparty/CMSIS/Lib/GCC\libarm_cortexM0l_math.a
LOAD c:/program files (x86)/atmel/studio/7.0/toolchain/arm/arm-gnu-toolchain/bin/../lib/gcc/arm-none-eabi/6.3.1/../../../../arm-none-eabi/lib/thumb/v6-m\libm.a
END GROUP
START GROUP
LOAD c:/program files (x86)/atmel/studio/7.0/toolchain/arm/arm-gnu-toolchain/bin/../lib/gcc/arm-none-eabi/6.3.1/thumb/v6-m\libgcc.a
LOAD c:/program files (x86)/atmel/studio/7.0/toolchain/arm/arm-gnu-toolchain/bin/../lib/gcc/arm-none-eabi/6.3.1/../../../../arm-none-eabi/lib/thumb/v6-m\libc_nano.a
END GROUP
START GROUP
LOAD c:/program files (x86)/atmel/studio/7.0/toolchain/arm/arm-gnu-toolchain/bin/../lib/gcc/arm-none-eabi/6.3.1/thumb/v6-m\libgcc.a
LOAD c:/program files (x86)/atmel/studio/7.0/toolchain/arm/arm-gnu-toolchain/bin/../lib/gcc/arm-none-eabi/6.3.1/../../../../arm-none-eabi/lib/thumb/v6-m\libc_nano.a
END GROUP
LOAD c:/program files (x86)/atmel/studio/7.0/toolchain/arm/arm-gnu-toolchain/bin/../lib/gcc/arm-none-eabi/6.3.1/thumb/v6-m/crtend.o
LOAD c:/program files (x86)/atmel/studio/7.0/toolchain/arm/arm-gnu-toolchain/bin/../lib/gcc/arm-none-eabi/6.3.1/thumb/v6-m/crtn.o
                0x00002000                STACK_SIZE = DEFINED (STACK_SIZE)?STACK_SIZE:DEFINED (__stack_size__)?__stack_size__:0x2000

.text           0x00000000     0x535c
                0x00000000                . = ALIGN (0x4)
                0x00000000                _sfixed = .
 *(.vectors .vectors.*)
 .vectors       0x00000000       0xb4 src/ASF/sam0/utils/cmsis/samd21/source/gcc/startup_samd21.o
                0x00000000                exception_table
 *(.text .text.* .gnu.linkonce.t.*)
 .text          0x000000b4       0x60 c:/program files (x86)/atmel/studio/7.0/toolchain/arm/arm-gnu-toolchain/bin/../lib/gcc/arm-none-eabi/6.3.1/thumb/v6-m/crtbegin.o
 .text._i2c_master_wait_for_sync
                0x00000114        0xc src/ASF/sam0/drivers/sercom/i2c/i2c_sam0/i2c_master.o
 .text.i2c_master_init
                0x00000120      0x2c8 src/ASF/sam0/drivers/sercom/i2c/i2c_sam0/i2c_master.o
                0x00000120                i2c_master_init
 .text._i2c_master_address_response
                0x000003e8       0x30 src/ASF/sam0/drivers/sercom/i2c/i2c_sam0/i2c_master.o
                0x000003e8                _i2c_master_address_response
 .text._i2c_master_wait_for_bus
                0x00000418       0x2c src/ASF/sam0/drivers/sercom/i2c/i2c_sam0/i2c_master.o
                0x00000418                _i2c_master_wait_for_bus
 .text._i2c_master_send_hs_master_code
                0x00000444       0x20 src/ASF/sam0/drivers/sercom/i2c/i2c_sam0/i2c_master.o
                0x00000444                _i2c_master_send_hs_master_code
 .text._i2c_master_read_packet
                0x00000464      0x1a0 src/ASF/sam0/drivers/sercom/i2c/i2c_sam0/i2c_master.o
 .text._i2c_master_write_packet
                0x00000604       0xf4 src/ASF/sam0/drivers/sercom/i2c/i2c_sam0/i2c_master.o
 .text.i2c_master_read_packet_wait
                0x000006f8       0x14 src/ASF/sam0/drivers/sercom/i2c/i2c_sam0/i2c_master.o
                0x000006f8                i2c_master_read_packet_wait
 .text.i2c_master_write_packet_wait
                0x0000070c       0x14 src/ASF/sam0/drivers/sercom/i2c/i2c_sam0/i2c_master.o
                0x0000070c                i2c_master_write_packet_wait
 .text.AT24C32WritePage
                0x00000720       0x4c src/at24c32.o
                0x00000720                AT24C32WritePage
 .text.AT24C32ReadPage
                0x0000076c       0x50 src/at24c32.o
                0x0000076c                AT24C32ReadPage
 .text.AT24C32ReadByte
                0x000007bc       0x50 src/at24c32.o
                0x000007bc                AT24C32ReadByte
 .text.AT24C32WriteByte
                0x0000080c       0x34 src/at24c32.o
                0x0000080c                AT24C32WriteByte
 .text.DS1307GetTime
                0x00000840       0xac src/ds1307.o
                0x00000840                DS1307GetTime
 .text.DS1307Init
                0x000008ec       0x2c src/ds1307.o
                0x000008ec                DS1307Init
 .text.ProcessDataFromEsp32
                0x00000918       0x68 src/esp32interface.o
 .text.GetFlagEsp32Busy
                0x00000980        0xc src/esp32interface.o
                0x00000980                GetFlagEsp32Busy
 .text.SendDataToEsp32
                0x0000098c       0x58 src/esp32interface.o
                0x0000098c                SendDataToEsp32
 .text.ESP32InterfaceInit
                0x000009e4       0x2c src/esp32interface.o
                0x000009e4                ESP32InterfaceInit
 .text.GpioGetPinState
                0x00000a10       0x34 src/gpioboard.o
                0x00000a10                GpioGetPinState
 .text.GpioConfigure
                0x00000a44       0x5c src/gpioboard.o
                0x00000a44                GpioConfigure
 .text.I2CMasterInit
                0x00000aa0       0x98 src/I2CMasterChannel.o
                0x00000aa0                I2CMasterInit
 .text.I2CMasterWrite
                0x00000b38       0x2c src/I2CMasterChannel.o
                0x00000b38                I2CMasterWrite
 .text.I2CMasterRead
                0x00000b64       0x2c src/I2CMasterChannel.o
                0x00000b64                I2CMasterRead
 .text.RegCallbackOnInputChange
                0x00000b90        0xc src/inputsmonitor.o
                0x00000b90                RegCallbackOnInputChange
 .text.InputsMonitorInit
                0x00000b9c       0x68 src/inputsmonitor.o
                0x00000b9c                InputsMonitorInit
 .text.InputsMonitorEnable
                0x00000c04       0x24 src/inputsmonitor.o
                0x00000c04                InputsMonitorEnable
 .text.InputsMonitorUpdate
                0x00000c28      0x144 src/inputsmonitor.o
                0x00000c28                InputsMonitorUpdate
 .text.GetAddressForInputMessage
                0x00000d6c       0x38 src/messagestore.o
 .text.SetMessage
                0x00000da4       0x58 src/messagestore.o
                0x00000da4                SetMessage
 .text.GetMessage
                0x00000dfc       0x8c src/messagestore.o
                0x00000dfc                GetMessage
 .text.MessageStoreInit
                0x00000e88       0x48 src/messagestore.o
                0x00000e88                MessageStoreInit
 .text.RTCCalendarInit
                0x00000ed0       0x90 src/rtccalendar.o
                0x00000ed0                RTCCalendarInit
 .text.SchedulerEventInterrupt
                0x00000f60       0x34 src/schedulertimer.o
                0x00000f60                SchedulerEventInterrupt
 .text.configure_tc
                0x00000f94       0x74 src/schedulertimer.o
                0x00000f94                configure_tc
 .text.configure_tc_callbacks
                0x00001008       0x4c src/schedulertimer.o
                0x00001008                configure_tc_callbacks
 .text.SchedulerAddTask
                0x00001054       0x40 src/schedulertimer.o
                0x00001054                SchedulerAddTask
 .text.SchedulerDeleteTask
                0x00001094       0x38 src/schedulertimer.o
                0x00001094                SchedulerDeleteTask
 .text.SchedulerDispatchTasks
                0x000010cc       0x3c src/schedulertimer.o
                0x000010cc                SchedulerDispatchTasks
 .text.SchedulerTimerInit
                0x00001108       0x1c src/schedulertimer.o
                0x00001108                SchedulerTimerInit
 .text.SchedulerTimerStart
                0x00001124       0x14 src/schedulertimer.o
                0x00001124                SchedulerTimerStart
 .text.UsartReadCallback
                0x00001138       0x1c src/usartmodule.o
 .text.UsartWriteCallback
                0x00001154        0xc src/usartmodule.o
 .text.UsartInit
                0x00001160       0xf0 src/usartmodule.o
                0x00001160                UsartInit
 .text.SendBuffer
                0x00001250       0x58 src/usartmodule.o
                0x00001250                SendBuffer
 .text.CheckRx  0x000012a8       0x1c src/usartmodule.o
                0x000012a8                CheckRx
 .text.RegOnDataReceived
                0x000012c4        0xc src/usartmodule.o
                0x000012c4                RegOnDataReceived
 .text.rtc_calendar_enable
                0x000012d0       0x14 src/ASF/sam0/drivers/rtc/rtc_sam_d_r_h/rtc_calendar.o
                0x000012d0                rtc_calendar_enable
 .text.rtc_calendar_disable
                0x000012e4       0x1a src/ASF/sam0/drivers/rtc/rtc_sam_d_r_h/rtc_calendar.o
                0x000012e4                rtc_calendar_disable
 *fill*         0x000012fe        0x2 
 .text.rtc_calendar_reset
                0x00001300       0x24 src/ASF/sam0/drivers/rtc/rtc_sam_d_r_h/rtc_calendar.o
                0x00001300                rtc_calendar_reset
 .text.rtc_calendar_time_to_register_value
                0x00001324       0x3a src/ASF/sam0/drivers/rtc/rtc_sam_d_r_h/rtc_calendar.o
                0x00001324                rtc_calendar_time_to_register_value
 .text.rtc_calendar_register_value_to_time
                0x0000135e       0x3e src/ASF/sam0/drivers/rtc/rtc_sam_d_r_h/rtc_calendar.o
                0x0000135e                rtc_calendar_register_value_to_time
 .text.rtc_calendar_set_time
                0x0000139c       0x18 src/ASF/sam0/drivers/rtc/rtc_sam_d_r_h/rtc_calendar.o
                0x0000139c                rtc_calendar_set_time
 .text.rtc_calendar_get_time
                0x000013b4       0x48 src/ASF/sam0/drivers/rtc/rtc_sam_d_r_h/rtc_calendar.o
                0x000013b4                rtc_calendar_get_time
 .text.rtc_calendar_set_alarm
                0x000013fc       0x30 src/ASF/sam0/drivers/rtc/rtc_sam_d_r_h/rtc_calendar.o
                0x000013fc                rtc_calendar_set_alarm
 .text.rtc_calendar_init
                0x0000142c       0x94 src/ASF/sam0/drivers/rtc/rtc_sam_d_r_h/rtc_calendar.o
                0x0000142c                rtc_calendar_init
 .text.rtc_calendar_get_alarm
                0x000014c0       0x28 src/ASF/sam0/drivers/rtc/rtc_sam_d_r_h/rtc_calendar.o
                0x000014c0                rtc_calendar_get_alarm
 .text.rtc_calendar_swap_time_mode
                0x000014e8      0x11c src/ASF/sam0/drivers/rtc/rtc_sam_d_r_h/rtc_calendar.o
                0x000014e8                rtc_calendar_swap_time_mode
 .text.long_division
                0x00001604       0xba src/ASF/sam0/drivers/sercom/sercom.o
 .text._sercom_get_sync_baud_val
                0x000016be       0x28 src/ASF/sam0/drivers/sercom/sercom.o
                0x000016be                _sercom_get_sync_baud_val
 *fill*         0x000016e6        0x2 
 .text._sercom_get_async_baud_val
                0x000016e8       0x94 src/ASF/sam0/drivers/sercom/sercom.o
                0x000016e8                _sercom_get_async_baud_val
 .text.sercom_set_gclk_generator
                0x0000177c       0x4c src/ASF/sam0/drivers/sercom/sercom.o
                0x0000177c                sercom_set_gclk_generator
 .text._sercom_get_default_pad
                0x000017c8      0x178 src/ASF/sam0/drivers/sercom/sercom.o
                0x000017c8                _sercom_get_default_pad
 .text._sercom_get_sercom_inst_index
                0x00001940       0x38 src/ASF/sam0/drivers/sercom/sercom.o
                0x00001940                _sercom_get_sercom_inst_index
 .text.usart_init
                0x00001978      0x344 src/ASF/sam0/drivers/sercom/usart/usart.o
                0x00001978                usart_init
 .text._usart_write_buffer
                0x00001cbc       0x3c src/ASF/sam0/drivers/sercom/usart/usart_interrupt.o
                0x00001cbc                _usart_write_buffer
 .text._usart_read_buffer
                0x00001cf8       0x50 src/ASF/sam0/drivers/sercom/usart/usart_interrupt.o
                0x00001cf8                _usart_read_buffer
 .text.usart_register_callback
                0x00001d48       0x18 src/ASF/sam0/drivers/sercom/usart/usart_interrupt.o
                0x00001d48                usart_register_callback
 .text.usart_write_buffer_job
                0x00001d60       0x20 src/ASF/sam0/drivers/sercom/usart/usart_interrupt.o
                0x00001d60                usart_write_buffer_job
 .text.usart_read_buffer_job
                0x00001d80       0x20 src/ASF/sam0/drivers/sercom/usart/usart_interrupt.o
                0x00001d80                usart_read_buffer_job
 .text._usart_interrupt_handler
                0x00001da0      0x194 src/ASF/sam0/drivers/sercom/usart/usart_interrupt.o
                0x00001da0                _usart_interrupt_handler
 .text._sercom_default_handler
                0x00001f34        0x2 src/ASF/sam0/drivers/sercom/sercom_interrupt.o
 *fill*         0x00001f36        0x2 
 .text._sercom_set_handler
                0x00001f38       0x3c src/ASF/sam0/drivers/sercom/sercom_interrupt.o
                0x00001f38                _sercom_set_handler
 .text._sercom_get_interrupt_vector
                0x00001f74       0x30 src/ASF/sam0/drivers/sercom/sercom_interrupt.o
                0x00001f74                _sercom_get_interrupt_vector
 .text.SERCOM0_Handler
                0x00001fa4       0x10 src/ASF/sam0/drivers/sercom/sercom_interrupt.o
                0x00001fa4                SERCOM0_Handler
 .text.SERCOM1_Handler
                0x00001fb4       0x10 src/ASF/sam0/drivers/sercom/sercom_interrupt.o
                0x00001fb4                SERCOM1_Handler
 .text.SERCOM2_Handler
                0x00001fc4       0x10 src/ASF/sam0/drivers/sercom/sercom_interrupt.o
                0x00001fc4                SERCOM2_Handler
 .text.SERCOM3_Handler
                0x00001fd4       0x10 src/ASF/sam0/drivers/sercom/sercom_interrupt.o
                0x00001fd4                SERCOM3_Handler
 .text.SERCOM4_Handler
                0x00001fe4       0x10 src/ASF/sam0/drivers/sercom/sercom_interrupt.o
                0x00001fe4                SERCOM4_Handler
 .text.SERCOM5_Handler
                0x00001ff4       0x10 src/ASF/sam0/drivers/sercom/sercom_interrupt.o
                0x00001ff4                SERCOM5_Handler
 .text.cpu_irq_enter_critical
                0x00002004       0x40 src/ASF/common/utils/interrupt/interrupt_sam_nvic.o
                0x00002004                cpu_irq_enter_critical
 .text.cpu_irq_leave_critical
                0x00002044       0x30 src/ASF/common/utils/interrupt/interrupt_sam_nvic.o
                0x00002044                cpu_irq_leave_critical
 .text.system_board_init
                0x00002074       0x38 src/ASF/sam0/boards/samd21_xplained_pro/board_init.o
                0x00002074                board_init
                0x00002074                system_board_init
 .text.port_pin_set_config
                0x000020ac       0x24 src/ASF/sam0/drivers/port/port.o
                0x000020ac                port_pin_set_config
 .text.system_clock_source_get_hz
                0x000020d0       0x94 src/ASF/sam0/drivers/system/clock/clock_samd21_r21_da_ha1/clock.o
                0x000020d0                system_clock_source_get_hz
 .text.system_clock_source_osc8m_set_config
                0x00002164       0x3c src/ASF/sam0/drivers/system/clock/clock_samd21_r21_da_ha1/clock.o
                0x00002164                system_clock_source_osc8m_set_config
 .text.system_clock_source_osc32k_set_config
                0x000021a0       0x7c src/ASF/sam0/drivers/system/clock/clock_samd21_r21_da_ha1/clock.o
                0x000021a0                system_clock_source_osc32k_set_config
 .text.system_clock_source_xosc32k_set_config
                0x0000221c       0xb8 src/ASF/sam0/drivers/system/clock/clock_samd21_r21_da_ha1/clock.o
                0x0000221c                system_clock_source_xosc32k_set_config
 .text.system_clock_source_enable
                0x000022d4       0xa8 src/ASF/sam0/drivers/system/clock/clock_samd21_r21_da_ha1/clock.o
                0x000022d4                system_clock_source_enable
 .text.system_clock_init
                0x0000237c      0x144 src/ASF/sam0/drivers/system/clock/clock_samd21_r21_da_ha1/clock.o
                0x0000237c                system_clock_init
 .text.system_gclk_init
                0x000024c0       0x24 src/ASF/sam0/drivers/system/clock/clock_samd21_r21_da_ha1/gclk.o
                0x000024c0                system_gclk_init
 .text.system_gclk_gen_set_config
                0x000024e4       0xb8 src/ASF/sam0/drivers/system/clock/clock_samd21_r21_da_ha1/gclk.o
                0x000024e4                system_gclk_gen_set_config
 .text.system_gclk_gen_enable
                0x0000259c       0x44 src/ASF/sam0/drivers/system/clock/clock_samd21_r21_da_ha1/gclk.o
                0x0000259c                system_gclk_gen_enable
 .text.system_gclk_gen_get_hz
                0x000025e0       0x8c src/ASF/sam0/drivers/system/clock/clock_samd21_r21_da_ha1/gclk.o
                0x000025e0                system_gclk_gen_get_hz
 .text.system_gclk_chan_enable
                0x0000266c       0x30 src/ASF/sam0/drivers/system/clock/clock_samd21_r21_da_ha1/gclk.o
                0x0000266c                system_gclk_chan_enable
 .text.system_gclk_chan_disable
                0x0000269c       0x5c src/ASF/sam0/drivers/system/clock/clock_samd21_r21_da_ha1/gclk.o
                0x0000269c                system_gclk_chan_disable
 .text.system_gclk_chan_set_config
                0x000026f8       0x1c src/ASF/sam0/drivers/system/clock/clock_samd21_r21_da_ha1/gclk.o
                0x000026f8                system_gclk_chan_set_config
 .text.system_gclk_chan_get_hz
                0x00002714       0x34 src/ASF/sam0/drivers/system/clock/clock_samd21_r21_da_ha1/gclk.o
                0x00002714                system_gclk_chan_get_hz
 .text._system_pinmux_config
                0x00002748       0xa8 src/ASF/sam0/drivers/system/pinmux/pinmux.o
 .text.system_pinmux_pin_set_config
                0x000027f0       0x30 src/ASF/sam0/drivers/system/pinmux/pinmux.o
                0x000027f0                system_pinmux_pin_set_config
 .text._system_dummy_init
                0x00002820        0x2 src/ASF/sam0/drivers/system/system.o
                0x00002820                _system_extint_init
                0x00002820                _system_events_init
                0x00002820                _system_dummy_init
                0x00002820                _system_divas_init
 *fill*         0x00002822        0x2 
 .text.system_init
                0x00002824       0x2c src/ASF/sam0/drivers/system/system.o
                0x00002824                system_init
 .text.tc_register_callback
                0x00002850       0x32 src/ASF/sam0/drivers/tc/tc_interrupt.o
                0x00002850                tc_register_callback
 *fill*         0x00002882        0x2 
 .text._tc_interrupt_handler
                0x00002884       0x64 src/ASF/sam0/drivers/tc/tc_interrupt.o
                0x00002884                _tc_interrupt_handler
 .text.TC3_Handler
                0x000028e8       0x10 src/ASF/sam0/drivers/tc/tc_interrupt.o
                0x000028e8                TC3_Handler
 .text.TC4_Handler
                0x000028f8       0x10 src/ASF/sam0/drivers/tc/tc_interrupt.o
                0x000028f8                TC4_Handler
 .text.TC5_Handler
                0x00002908       0x10 src/ASF/sam0/drivers/tc/tc_interrupt.o
                0x00002908                TC5_Handler
 .text.TC6_Handler
                0x00002918       0x10 src/ASF/sam0/drivers/tc/tc_interrupt.o
                0x00002918                TC6_Handler
 .text.TC7_Handler
                0x00002928       0x10 src/ASF/sam0/drivers/tc/tc_interrupt.o
                0x00002928                TC7_Handler
 .text._tc_get_inst_index
                0x00002938       0x3c src/ASF/sam0/drivers/tc/tc_sam_d_r_h/tc.o
                0x00002938                _tc_get_inst_index
 .text.tc_init  0x00002974      0x240 src/ASF/sam0/drivers/tc/tc_sam_d_r_h/tc.o
                0x00002974                tc_init
 .text.Dummy_Handler
                0x00002bb4        0x2 src/ASF/sam0/utils/cmsis/samd21/source/gcc/startup_samd21.o
                0x00002bb4                DMAC_Handler
                0x00002bb4                HardFault_Handler
                0x00002bb4                AC_Handler
                0x00002bb4                SysTick_Handler
                0x00002bb4                PendSV_Handler
                0x00002bb4                NMI_Handler
                0x00002bb4                ADC_Handler
                0x00002bb4                TCC1_Handler
                0x00002bb4                TCC0_Handler
                0x00002bb4                RTC_Handler
                0x00002bb4                EIC_Handler
                0x00002bb4                WDT_Handler
                0x00002bb4                USB_Handler
                0x00002bb4                Dummy_Handler
                0x00002bb4                PM_Handler
                0x00002bb4                SVC_Handler
                0x00002bb4                TCC2_Handler
                0x00002bb4                EVSYS_Handler
                0x00002bb4                I2S_Handler
                0x00002bb4                NVMCTRL_Handler
                0x00002bb4                DAC_Handler
                0x00002bb4                PTC_Handler
                0x00002bb4                SYSCTRL_Handler
 *fill*         0x00002bb6        0x2 
 .text.Reset_Handler
                0x00002bb8       0xe4 src/ASF/sam0/utils/cmsis/samd21/source/gcc/startup_samd21.o
                0x00002bb8                Reset_Handler
 .text._sbrk    0x00002c9c       0x24 src/ASF/sam0/utils/syscalls/gcc/syscalls.o
                0x00002c9c                _sbrk
 .text.CheckForPendingMessages
                0x00002cc0       0x44 src/main.o
                0x00002cc0                CheckForPendingMessages
 .text.SetTimeToString
                0x00002d04       0xb4 src/main.o
                0x00002d04                SetTimeToString
 .text.InputsChangeHandler
                0x00002db8       0x88 src/main.o
                0x00002db8                InputsChangeHandler
 .text.main     0x00002e40       0xd8 src/main.o
                0x00002e40                main
 .text          0x00002f18      0x114 c:/program files (x86)/atmel/studio/7.0/toolchain/arm/arm-gnu-toolchain/bin/../lib/gcc/arm-none-eabi/6.3.1/thumb/v6-m\libgcc.a(_udivsi3.o)
                0x00002f18                __aeabi_uidiv
                0x00002f18                __udivsi3
                0x00003024                __aeabi_uidivmod
 .text          0x0000302c        0x4 c:/program files (x86)/atmel/studio/7.0/toolchain/arm/arm-gnu-toolchain/bin/../lib/gcc/arm-none-eabi/6.3.1/thumb/v6-m\libgcc.a(_dvmd_tls.o)
                0x0000302c                __aeabi_idiv0
                0x0000302c                __aeabi_ldiv0
 .text          0x00003030       0x54 c:/program files (x86)/atmel/studio/7.0/toolchain/arm/arm-gnu-toolchain/bin/../lib/gcc/arm-none-eabi/6.3.1/thumb/v6-m\libgcc.a(_muldi3.o)
                0x00003030                __muldi3
                0x00003030                __aeabi_lmul
 .text          0x00003084      0x620 c:/program files (x86)/atmel/studio/7.0/toolchain/arm/arm-gnu-toolchain/bin/../lib/gcc/arm-none-eabi/6.3.1/thumb/v6-m\libgcc.a(adddf3.o)
                0x00003084                __aeabi_dadd
 .text          0x000036a4      0x668 c:/program files (x86)/atmel/studio/7.0/toolchain/arm/arm-gnu-toolchain/bin/../lib/gcc/arm-none-eabi/6.3.1/thumb/v6-m\libgcc.a(divdf3.o)
                0x000036a4                __aeabi_ddiv
 .text          0x00003d0c      0x500 c:/program files (x86)/atmel/studio/7.0/toolchain/arm/arm-gnu-toolchain/bin/../lib/gcc/arm-none-eabi/6.3.1/thumb/v6-m\libgcc.a(muldf3.o)
                0x00003d0c                __aeabi_dmul
 .text          0x0000420c      0x62c c:/program files (x86)/atmel/studio/7.0/toolchain/arm/arm-gnu-toolchain/bin/../lib/gcc/arm-none-eabi/6.3.1/thumb/v6-m\libgcc.a(subdf3.o)
                0x0000420c                __aeabi_dsub
 .text          0x00004838       0x68 c:/program files (x86)/atmel/studio/7.0/toolchain/arm/arm-gnu-toolchain/bin/../lib/gcc/arm-none-eabi/6.3.1/thumb/v6-m\libgcc.a(fixdfsi.o)
                0x00004838                __aeabi_d2iz
 .text          0x000048a0       0x70 c:/program files (x86)/atmel/studio/7.0/toolchain/arm/arm-gnu-toolchain/bin/../lib/gcc/arm-none-eabi/6.3.1/thumb/v6-m\libgcc.a(floatunsidf.o)
                0x000048a0                __aeabi_ui2d
 .text          0x00004910       0x3c c:/program files (x86)/atmel/studio/7.0/toolchain/arm/arm-gnu-toolchain/bin/../lib/gcc/arm-none-eabi/6.3.1/thumb/v6-m\libgcc.a(_clzsi2.o)
                0x00004910                __clzsi2
 .text.__libc_init_array
                0x0000494c       0x48 c:/program files (x86)/atmel/studio/7.0/toolchain/arm/arm-gnu-toolchain/bin/../lib/gcc/arm-none-eabi/6.3.1/../../../../arm-none-eabi/lib/thumb/v6-m\libc_nano.a(lib_a-init.o)
                0x0000494c                __libc_init_array
 .text.memcpy   0x00004994       0x12 c:/program files (x86)/atmel/studio/7.0/toolchain/arm/arm-gnu-toolchain/bin/../lib/gcc/arm-none-eabi/6.3.1/../../../../arm-none-eabi/lib/thumb/v6-m\libc_nano.a(lib_a-memcpy-stub.o)
                0x00004994                memcpy
 *fill*         0x000049a6        0x2 
 .text.sprintf  0x000049a8       0x44 c:/program files (x86)/atmel/studio/7.0/toolchain/arm/arm-gnu-toolchain/bin/../lib/gcc/arm-none-eabi/6.3.1/../../../../arm-none-eabi/lib/thumb/v6-m\libc_nano.a(lib_a-sprintf.o)
                0x000049a8                siprintf
                0x000049a8                sprintf
 .text.__ssputs_r
                0x000049ec       0xc4 c:/program files (x86)/atmel/studio/7.0/toolchain/arm/arm-gnu-toolchain/bin/../lib/gcc/arm-none-eabi/6.3.1/../../../../arm-none-eabi/lib/thumb/v6-m\libc_nano.a(lib_a-nano-svfprintf.o)
                0x000049ec                __ssputs_r
 .text._svfprintf_r
                0x00004ab0      0x208 c:/program files (x86)/atmel/studio/7.0/toolchain/arm/arm-gnu-toolchain/bin/../lib/gcc/arm-none-eabi/6.3.1/../../../../arm-none-eabi/lib/thumb/v6-m\libc_nano.a(lib_a-nano-svfprintf.o)
                0x00004ab0                _svfiprintf_r
                0x00004ab0                _svfprintf_r
 .text._printf_common
                0x00004cb8       0xda c:/program files (x86)/atmel/studio/7.0/toolchain/arm/arm-gnu-toolchain/bin/../lib/gcc/arm-none-eabi/6.3.1/../../../../arm-none-eabi/lib/thumb/v6-m\libc_nano.a(lib_a-nano-vfprintf_i.o)
                0x00004cb8                _printf_common
 *fill*         0x00004d92        0x2 
 .text._printf_i
                0x00004d94      0x234 c:/program files (x86)/atmel/studio/7.0/toolchain/arm/arm-gnu-toolchain/bin/../lib/gcc/arm-none-eabi/6.3.1/../../../../arm-none-eabi/lib/thumb/v6-m\libc_nano.a(lib_a-nano-vfprintf_i.o)
                0x00004d94                _printf_i
 .text.memchr   0x00004fc8       0x16 c:/program files (x86)/atmel/studio/7.0/toolchain/arm/arm-gnu-toolchain/bin/../lib/gcc/arm-none-eabi/6.3.1/../../../../arm-none-eabi/lib/thumb/v6-m\libc_nano.a(lib_a-memchr-stub.o)
                0x00004fc8                memchr
 .text.memmove  0x00004fde       0x24 c:/program files (x86)/atmel/studio/7.0/toolchain/arm/arm-gnu-toolchain/bin/../lib/gcc/arm-none-eabi/6.3.1/../../../../arm-none-eabi/lib/thumb/v6-m\libc_nano.a(lib_a-memmove.o)
                0x00004fde                memmove
 *fill*         0x00005002        0x2 
 .text._free_r  0x00005004       0x94 c:/program files (x86)/atmel/studio/7.0/toolchain/arm/arm-gnu-toolchain/bin/../lib/gcc/arm-none-eabi/6.3.1/../../../../arm-none-eabi/lib/thumb/v6-m\libc_nano.a(lib_a-nano-freer.o)
                0x00005004                _free_r
 .text._malloc_r
                0x00005098       0xbc c:/program files (x86)/atmel/studio/7.0/toolchain/arm/arm-gnu-toolchain/bin/../lib/gcc/arm-none-eabi/6.3.1/../../../../arm-none-eabi/lib/thumb/v6-m\libc_nano.a(lib_a-nano-mallocr.o)
                0x00005098                _malloc_r
 .text._realloc_r
                0x00005154       0x4c c:/program files (x86)/atmel/studio/7.0/toolchain/arm/arm-gnu-toolchain/bin/../lib/gcc/arm-none-eabi/6.3.1/../../../../arm-none-eabi/lib/thumb/v6-m\libc_nano.a(lib_a-nano-reallocr.o)
                0x00005154                _realloc_r
 .text._sbrk_r  0x000051a0       0x24 c:/program files (x86)/atmel/studio/7.0/toolchain/arm/arm-gnu-toolchain/bin/../lib/gcc/arm-none-eabi/6.3.1/../../../../arm-none-eabi/lib/thumb/v6-m\libc_nano.a(lib_a-sbrkr.o)
                0x000051a0                _sbrk_r
 .text.__malloc_lock
                0x000051c4        0x2 c:/program files (x86)/atmel/studio/7.0/toolchain/arm/arm-gnu-toolchain/bin/../lib/gcc/arm-none-eabi/6.3.1/../../../../arm-none-eabi/lib/thumb/v6-m\libc_nano.a(lib_a-mlock.o)
                0x000051c4                __malloc_lock
 .text.__malloc_unlock
                0x000051c6        0x2 c:/program files (x86)/atmel/studio/7.0/toolchain/arm/arm-gnu-toolchain/bin/../lib/gcc/arm-none-eabi/6.3.1/../../../../arm-none-eabi/lib/thumb/v6-m\libc_nano.a(lib_a-mlock.o)
                0x000051c6                __malloc_unlock
 .text._malloc_usable_size_r
                0x000051c8       0x10 c:/program files (x86)/atmel/studio/7.0/toolchain/arm/arm-gnu-toolchain/bin/../lib/gcc/arm-none-eabi/6.3.1/../../../../arm-none-eabi/lib/thumb/v6-m\libc_nano.a(lib_a-nano-msizer.o)
                0x000051c8                _malloc_usable_size_r
 *(.glue_7t)
 .glue_7t       0x000051d8        0x0 linker stubs
 *(.glue_7)
 .glue_7        0x000051d8        0x0 linker stubs
 *(.rodata .rodata* .gnu.linkonce.r.*)
 .rodata.GpioPinInputs
                0x000051d8        0x4 src/gpioboard.o
                0x000051d8                GpioPinInputs
 .rodata.tc_interrupt_vectors.13247
                0x000051dc        0x5 src/schedulertimer.o
 *fill*         0x000051e1        0x3 
 .rodata        0x000051e4       0x18 src/ASF/sam0/drivers/sercom/sercom.o
 .rodata.system_clock_source_get_hz
                0x000051fc       0x24 src/ASF/sam0/drivers/system/clock/clock_samd21_r21_da_ha1/clock.o
 .rodata.system_clock_source_enable
                0x00005220       0x24 src/ASF/sam0/drivers/system/clock/clock_samd21_r21_da_ha1/clock.o
 .rodata        0x00005244       0x1e src/ASF/sam0/drivers/tc/tc_sam_d_r_h/tc.o
 *fill*         0x00005262        0x2 
 .rodata.InputsChangeHandler.str1.4
                0x00005264        0xf src/main.o
 *fill*         0x00005273        0x1 
 .rodata.SetTimeToString.str1.4
                0x00005274       0x14 src/main.o
                                 0x12 (size before relaxing)
 .rodata        0x00005288       0x40 c:/program files (x86)/atmel/studio/7.0/toolchain/arm/arm-gnu-toolchain/bin/../lib/gcc/arm-none-eabi/6.3.1/thumb/v6-m\libgcc.a(divdf3.o)
 .rodata        0x000052c8       0x40 c:/program files (x86)/atmel/studio/7.0/toolchain/arm/arm-gnu-toolchain/bin/../lib/gcc/arm-none-eabi/6.3.1/thumb/v6-m\libgcc.a(muldf3.o)
 .rodata._svfprintf_r.str1.1
                0x00005308       0x11 c:/program files (x86)/atmel/studio/7.0/toolchain/arm/arm-gnu-toolchain/bin/../lib/gcc/arm-none-eabi/6.3.1/../../../../arm-none-eabi/lib/thumb/v6-m\libc_nano.a(lib_a-nano-svfprintf.o)
 .rodata._printf_i.str1.1
                0x00005319       0x22 c:/program files (x86)/atmel/studio/7.0/toolchain/arm/arm-gnu-toolchain/bin/../lib/gcc/arm-none-eabi/6.3.1/../../../../arm-none-eabi/lib/thumb/v6-m\libc_nano.a(lib_a-nano-vfprintf_i.o)
 *(.ARM.extab* .gnu.linkonce.armextab.*)
                0x0000533c                . = ALIGN (0x4)
 *fill*         0x0000533b        0x1 
 *(.init)
 .init          0x0000533c        0x4 c:/program files (x86)/atmel/studio/7.0/toolchain/arm/arm-gnu-toolchain/bin/../lib/gcc/arm-none-eabi/6.3.1/thumb/v6-m/crti.o
                0x0000533c                _init
 .init          0x00005340        0x8 c:/program files (x86)/atmel/studio/7.0/toolchain/arm/arm-gnu-toolchain/bin/../lib/gcc/arm-none-eabi/6.3.1/thumb/v6-m/crtn.o
                0x00005348                . = ALIGN (0x4)
                0x00005348                __preinit_array_start = .
 *(.preinit_array)
                0x00005348                __preinit_array_end = .
                0x00005348                . = ALIGN (0x4)
                0x00005348                __init_array_start = .
 *(SORT(.init_array.*))
 *(.init_array)
 .init_array    0x00005348        0x4 c:/program files (x86)/atmel/studio/7.0/toolchain/arm/arm-gnu-toolchain/bin/../lib/gcc/arm-none-eabi/6.3.1/thumb/v6-m/crtbegin.o
                0x0000534c                __init_array_end = .
                0x0000534c                . = ALIGN (0x4)
 *crtbegin.o(.ctors)
 *(EXCLUDE_FILE(*crtend.o) .ctors)
 *(SORT(.ctors.*))
 *crtend.o(.ctors)
                0x0000534c                . = ALIGN (0x4)
 *(.fini)
 .fini          0x0000534c        0x4 c:/program files (x86)/atmel/studio/7.0/toolchain/arm/arm-gnu-toolchain/bin/../lib/gcc/arm-none-eabi/6.3.1/thumb/v6-m/crti.o
                0x0000534c                _fini
 .fini          0x00005350        0x8 c:/program files (x86)/atmel/studio/7.0/toolchain/arm/arm-gnu-toolchain/bin/../lib/gcc/arm-none-eabi/6.3.1/thumb/v6-m/crtn.o
                0x00005358                . = ALIGN (0x4)
                0x00005358                __fini_array_start = .
 *(.fini_array)
 .fini_array    0x00005358        0x4 c:/program files (x86)/atmel/studio/7.0/toolchain/arm/arm-gnu-toolchain/bin/../lib/gcc/arm-none-eabi/6.3.1/thumb/v6-m/crtbegin.o
 *(SORT(.fini_array.*))
                0x0000535c                __fini_array_end = .
 *crtbegin.o(.dtors)
 *(EXCLUDE_FILE(*crtend.o) .dtors)
 *(SORT(.dtors.*))
 *crtend.o(.dtors)
                0x0000535c                . = ALIGN (0x4)
                0x0000535c                _efixed = .
                [!provide]                PROVIDE (__exidx_start, .)

.vfp11_veneer   0x0000535c        0x0
 .vfp11_veneer  0x0000535c        0x0 linker stubs

.v4_bx          0x0000535c        0x0
 .v4_bx         0x0000535c        0x0 linker stubs

.iplt           0x0000535c        0x0
 .iplt          0x0000535c        0x0 c:/program files (x86)/atmel/studio/7.0/toolchain/arm/arm-gnu-toolchain/bin/../lib/gcc/arm-none-eabi/6.3.1/thumb/v6-m/crtbegin.o

.eh_frame       0x0000535c        0x0
 .eh_frame      0x0000535c        0x0 c:/program files (x86)/atmel/studio/7.0/toolchain/arm/arm-gnu-toolchain/bin/../lib/gcc/arm-none-eabi/6.3.1/thumb/v6-m/crtbegin.o

.rel.dyn        0x0000535c        0x0
 .rel.iplt      0x0000535c        0x0 c:/program files (x86)/atmel/studio/7.0/toolchain/arm/arm-gnu-toolchain/bin/../lib/gcc/arm-none-eabi/6.3.1/thumb/v6-m/crtbegin.o

.jcr            0x0000535c        0x0
 .jcr           0x0000535c        0x0 c:/program files (x86)/atmel/studio/7.0/toolchain/arm/arm-gnu-toolchain/bin/../lib/gcc/arm-none-eabi/6.3.1/thumb/v6-m/crtbegin.o

.igot.plt       0x0000535c        0x0
 .igot.plt      0x0000535c        0x0 c:/program files (x86)/atmel/studio/7.0/toolchain/arm/arm-gnu-toolchain/bin/../lib/gcc/arm-none-eabi/6.3.1/thumb/v6-m/crtbegin.o

.ARM.exidx
 *(.ARM.exidx* .gnu.linkonce.armexidx.*)
                [!provide]                PROVIDE (__exidx_end, .)
                0x0000535c                . = ALIGN (0x4)
                0x0000535c                _etext = .

.relocate       0x20000000       0x68 load address 0x0000535c
                0x20000000                . = ALIGN (0x4)
                0x20000000                _srelocate = .
 *(.ramfunc .ramfunc.*)
 *(.data .data.*)
 .data.g_interrupt_enabled
                0x20000000        0x1 src/ASF/common/utils/interrupt/interrupt_sam_nvic.o
                0x20000000                g_interrupt_enabled
 *fill*         0x20000001        0x3 
 .data._impure_ptr
                0x20000004        0x4 c:/program files (x86)/atmel/studio/7.0/toolchain/arm/arm-gnu-toolchain/bin/../lib/gcc/arm-none-eabi/6.3.1/../../../../arm-none-eabi/lib/thumb/v6-m\libc_nano.a(lib_a-impure.o)
                0x20000004                _impure_ptr
 .data.impure_data
                0x20000008       0x60 c:/program files (x86)/atmel/studio/7.0/toolchain/arm/arm-gnu-toolchain/bin/../lib/gcc/arm-none-eabi/6.3.1/../../../../arm-none-eabi/lib/thumb/v6-m\libc_nano.a(lib_a-impure.o)
                0x20000068                . = ALIGN (0x4)
                0x20000068                _erelocate = .

.bss            0x20000068      0x2e0 load address 0x000053c4
                0x20000068                . = ALIGN (0x4)
                0x20000068                _sbss = .
                0x20000068                _szero = .
 *(.bss .bss.*)
 .bss           0x20000068       0x1c c:/program files (x86)/atmel/studio/7.0/toolchain/arm/arm-gnu-toolchain/bin/../lib/gcc/arm-none-eabi/6.3.1/thumb/v6-m/crtbegin.o
 .bss.FBufferEsp32
                0x20000084       0x28 src/esp32interface.o
 .bss.FBytesCount
                0x200000ac        0x4 src/esp32interface.o
 .bss.FData     0x200000b0        0x1 src/esp32interface.o
 *fill*         0x200000b1        0x3 
 .bss.FEsp32BusyFlag
                0x200000b4        0x4 src/esp32interface.o
 .bss.FEsp32DataReadyFlag
                0x200000b8        0x4 src/esp32interface.o
 .bss.I2CMasterInstance
                0x200000bc        0xc src/I2CMasterChannel.o
 .bss.FIndex    0x200000c8        0x4 src/inputsmonitor.o
 .bss.FInput    0x200000cc       0x30 src/inputsmonitor.o
 .bss.FInputsMonitorEnable
                0x200000fc        0x1 src/inputsmonitor.o
 *fill*         0x200000fd        0x3 
 .bss.FOnInputChange
                0x20000100        0x4 src/inputsmonitor.o
 .bss.FAddressOut
                0x20000104        0x2 src/messagestore.o
 *fill*         0x20000106        0x2 
 .bss.FBufferMessage
                0x20000108       0x20 src/messagestore.o
 .bss.rtc_instance
                0x20000128        0x8 src/rtccalendar.o
 .bss.time      0x20000130        0x8 src/rtccalendar.o
 .bss.Return_code.13318
                0x20000138        0x1 src/schedulertimer.o
 .bss.FUsartTxBusyFlag
                0x20000139        0x1 src/usartmodule.o
 *fill*         0x2000013a        0x2 
 .bss.OnDataReceived
                0x2000013c        0x4 src/usartmodule.o
 .bss.usart_instance
                0x20000140       0x34 src/usartmodule.o
 .bss._sercom_config
                0x20000174        0x2 src/ASF/sam0/drivers/sercom/sercom.o
 .bss._handler_table_initialized
                0x20000176        0x1 src/ASF/sam0/drivers/sercom/sercom_interrupt.o
 *fill*         0x20000177        0x1 
 .bss._sercom_interrupt_handlers
                0x20000178       0x18 src/ASF/sam0/drivers/sercom/sercom_interrupt.o
 .bss.cpu_irq_critical_section_counter
                0x20000190        0x4 src/ASF/common/utils/interrupt/interrupt_sam_nvic.o
 .bss.cpu_irq_prev_interrupt_state
                0x20000194        0x1 src/ASF/common/utils/interrupt/interrupt_sam_nvic.o
 *fill*         0x20000195        0x3 
 .bss._system_clock_inst
                0x20000198       0x18 src/ASF/sam0/drivers/system/clock/clock_samd21_r21_da_ha1/clock.o
 .bss.heap.5296
                0x200001b0        0x4 src/ASF/sam0/utils/syscalls/gcc/syscalls.o
 .bss.__malloc_free_list
                0x200001b4        0x4 c:/program files (x86)/atmel/studio/7.0/toolchain/arm/arm-gnu-toolchain/bin/../lib/gcc/arm-none-eabi/6.3.1/../../../../arm-none-eabi/lib/thumb/v6-m\libc_nano.a(lib_a-nano-mallocr.o)
                0x200001b4                __malloc_free_list
 .bss.__malloc_sbrk_start
                0x200001b8        0x4 c:/program files (x86)/atmel/studio/7.0/toolchain/arm/arm-gnu-toolchain/bin/../lib/gcc/arm-none-eabi/6.3.1/../../../../arm-none-eabi/lib/thumb/v6-m\libc_nano.a(lib_a-nano-mallocr.o)
                0x200001b8                __malloc_sbrk_start
 *(COMMON)
 COMMON         0x200001bc      0x120 src/schedulertimer.o
                0x200001bc                SCH_tasks_G
                0x200002bc                Error_tick_count_G
                0x200002c0                tc_instance
 COMMON         0x200002dc       0x2c src/usartmodule.o
                0x200002dc                RxBuffer
                0x200002e0                TxBuffer
 COMMON         0x20000308        0x4 src/ASF/sam0/drivers/rtc/rtc_sam_d_r_h/rtc_calendar.o
                0x20000308                _rtc_instance
 COMMON         0x2000030c       0x18 src/ASF/sam0/drivers/sercom/sercom_interrupt.o
                0x2000030c                _sercom_instances
 COMMON         0x20000324       0x14 src/ASF/sam0/drivers/tc/tc_interrupt.o
                0x20000324                _tc_instances
 COMMON         0x20000338        0xa src/main.o
                0x20000338                FMessagePending
                0x2000033c                TimeDS
 *fill*         0x20000342        0x2 
 COMMON         0x20000344        0x4 c:/program files (x86)/atmel/studio/7.0/toolchain/arm/arm-gnu-toolchain/bin/../lib/gcc/arm-none-eabi/6.3.1/../../../../arm-none-eabi/lib/thumb/v6-m\libc_nano.a(lib_a-reent.o)
                0x20000344                errno
                0x20000348                . = ALIGN (0x4)
                0x20000348                _ebss = .
                0x20000348                _ezero = .

.stack          0x20000348     0x2000 load address 0x000056a4
                0x20000348                . = ALIGN (0x8)
                0x20000348                _sstack = .
                0x20002348                . = (. + STACK_SIZE)
 *fill*         0x20000348     0x2000 
                0x20002348                . = ALIGN (0x8)
                0x20002348                _estack = .
                0x20002348                . = ALIGN (0x4)
                0x20002348                _end = .
OUTPUT(GccBoardProject1.elf elf32-littlearm)

.ARM.attributes
                0x00000000       0x28
 .ARM.attributes
                0x00000000       0x1e c:/program files (x86)/atmel/studio/7.0/toolchain/arm/arm-gnu-toolchain/bin/../lib/gcc/arm-none-eabi/6.3.1/thumb/v6-m/crti.o
 .ARM.attributes
                0x0000001e       0x2c c:/program files (x86)/atmel/studio/7.0/toolchain/arm/arm-gnu-toolchain/bin/../lib/gcc/arm-none-eabi/6.3.1/thumb/v6-m/crtbegin.o
 .ARM.attributes
                0x0000004a       0x32 src/ASF/sam0/drivers/sercom/i2c/i2c_sam0/i2c_master.o
 .ARM.attributes
                0x0000007c       0x32 src/at24c32.o
 .ARM.attributes
                0x000000ae       0x32 src/ds1307.o
 .ARM.attributes
                0x000000e0       0x32 src/esp32interface.o
 .ARM.attributes
                0x00000112       0x32 src/gpioboard.o
 .ARM.attributes
                0x00000144       0x32 src/I2CMasterChannel.o
 .ARM.attributes
                0x00000176       0x32 src/inputsmonitor.o
 .ARM.attributes
                0x000001a8       0x32 src/messagestore.o
 .ARM.attributes
                0x000001da       0x32 src/rtccalendar.o
 .ARM.attributes
                0x0000020c       0x32 src/schedulertimer.o
 .ARM.attributes
                0x0000023e       0x32 src/usartmodule.o
 .ARM.attributes
                0x00000270       0x32 src/ASF/sam0/drivers/rtc/rtc_sam_d_r_h/rtc_calendar.o
 .ARM.attributes
                0x000002a2       0x32 src/ASF/sam0/drivers/sercom/sercom.o
 .ARM.attributes
                0x000002d4       0x32 src/ASF/sam0/drivers/sercom/usart/usart.o
 .ARM.attributes
                0x00000306       0x32 src/ASF/sam0/drivers/sercom/usart/usart_interrupt.o
 .ARM.attributes
                0x00000338       0x32 src/ASF/sam0/drivers/sercom/sercom_interrupt.o
 .ARM.attributes
                0x0000036a       0x32 src/ASF/common/utils/interrupt/interrupt_sam_nvic.o
 .ARM.attributes
                0x0000039c       0x32 src/ASF/sam0/boards/samd21_xplained_pro/board_init.o
 .ARM.attributes
                0x000003ce       0x32 src/ASF/sam0/drivers/port/port.o
 .ARM.attributes
                0x00000400       0x32 src/ASF/sam0/drivers/system/clock/clock_samd21_r21_da_ha1/clock.o
 .ARM.attributes
                0x00000432       0x32 src/ASF/sam0/drivers/system/clock/clock_samd21_r21_da_ha1/gclk.o
 .ARM.attributes
                0x00000464       0x32 src/ASF/sam0/drivers/system/pinmux/pinmux.o
 .ARM.attributes
                0x00000496       0x32 src/ASF/sam0/drivers/system/system.o
 .ARM.attributes
                0x000004c8       0x32 src/ASF/sam0/drivers/tc/tc_interrupt.o
 .ARM.attributes
                0x000004fa       0x32 src/ASF/sam0/drivers/tc/tc_sam_d_r_h/tc.o
 .ARM.attributes
                0x0000052c       0x32 src/ASF/sam0/utils/cmsis/samd21/source/gcc/startup_samd21.o
 .ARM.attributes
                0x0000055e       0x32 src/ASF/sam0/utils/syscalls/gcc/syscalls.o
 .ARM.attributes
                0x00000590       0x32 src/main.o
 .ARM.attributes
                0x000005c2       0x1e c:/program files (x86)/atmel/studio/7.0/toolchain/arm/arm-gnu-toolchain/bin/../lib/gcc/arm-none-eabi/6.3.1/thumb/v6-m\libgcc.a(_udivsi3.o)
 .ARM.attributes
                0x000005e0       0x1e c:/program files (x86)/atmel/studio/7.0/toolchain/arm/arm-gnu-toolchain/bin/../lib/gcc/arm-none-eabi/6.3.1/thumb/v6-m\libgcc.a(_dvmd_tls.o)
 .ARM.attributes
                0x000005fe       0x2c c:/program files (x86)/atmel/studio/7.0/toolchain/arm/arm-gnu-toolchain/bin/../lib/gcc/arm-none-eabi/6.3.1/thumb/v6-m\libgcc.a(_muldi3.o)
 .ARM.attributes
                0x0000062a       0x2c c:/program files (x86)/atmel/studio/7.0/toolchain/arm/arm-gnu-toolchain/bin/../lib/gcc/arm-none-eabi/6.3.1/thumb/v6-m\libgcc.a(adddf3.o)
 .ARM.attributes
                0x00000656       0x2c c:/program files (x86)/atmel/studio/7.0/toolchain/arm/arm-gnu-toolchain/bin/../lib/gcc/arm-none-eabi/6.3.1/thumb/v6-m\libgcc.a(divdf3.o)
 .ARM.attributes
                0x00000682       0x2c c:/program files (x86)/atmel/studio/7.0/toolchain/arm/arm-gnu-toolchain/bin/../lib/gcc/arm-none-eabi/6.3.1/thumb/v6-m\libgcc.a(muldf3.o)
 .ARM.attributes
                0x000006ae       0x2c c:/program files (x86)/atmel/studio/7.0/toolchain/arm/arm-gnu-toolchain/bin/../lib/gcc/arm-none-eabi/6.3.1/thumb/v6-m\libgcc.a(subdf3.o)
 .ARM.attributes
                0x000006da       0x2c c:/program files (x86)/atmel/studio/7.0/toolchain/arm/arm-gnu-toolchain/bin/../lib/gcc/arm-none-eabi/6.3.1/thumb/v6-m\libgcc.a(fixdfsi.o)
 .ARM.attributes
                0x00000706       0x2c c:/program files (x86)/atmel/studio/7.0/toolchain/arm/arm-gnu-toolchain/bin/../lib/gcc/arm-none-eabi/6.3.1/thumb/v6-m\libgcc.a(floatunsidf.o)
 .ARM.attributes
                0x00000732       0x1e c:/program files (x86)/atmel/studio/7.0/toolchain/arm/arm-gnu-toolchain/bin/../lib/gcc/arm-none-eabi/6.3.1/thumb/v6-m\libgcc.a(_clzsi2.o)
 .ARM.attributes
                0x00000750       0x2c c:/program files (x86)/atmel/studio/7.0/toolchain/arm/arm-gnu-toolchain/bin/../lib/gcc/arm-none-eabi/6.3.1/../../../../arm-none-eabi/lib/thumb/v6-m\libc_nano.a(lib_a-impure.o)
 .ARM.attributes
                0x0000077c       0x2c c:/program files (x86)/atmel/studio/7.0/toolchain/arm/arm-gnu-toolchain/bin/../lib/gcc/arm-none-eabi/6.3.1/../../../../arm-none-eabi/lib/thumb/v6-m\libc_nano.a(lib_a-init.o)
 .ARM.attributes
                0x000007a8       0x2c c:/program files (x86)/atmel/studio/7.0/toolchain/arm/arm-gnu-toolchain/bin/../lib/gcc/arm-none-eabi/6.3.1/../../../../arm-none-eabi/lib/thumb/v6-m\libc_nano.a(lib_a-memcpy-stub.o)
 .ARM.attributes
                0x000007d4       0x2c c:/program files (x86)/atmel/studio/7.0/toolchain/arm/arm-gnu-toolchain/bin/../lib/gcc/arm-none-eabi/6.3.1/../../../../arm-none-eabi/lib/thumb/v6-m\libc_nano.a(lib_a-sprintf.o)
 .ARM.attributes
                0x00000800       0x2c c:/program files (x86)/atmel/studio/7.0/toolchain/arm/arm-gnu-toolchain/bin/../lib/gcc/arm-none-eabi/6.3.1/../../../../arm-none-eabi/lib/thumb/v6-m\libc_nano.a(lib_a-nano-svfprintf.o)
 .ARM.attributes
                0x0000082c       0x2c c:/program files (x86)/atmel/studio/7.0/toolchain/arm/arm-gnu-toolchain/bin/../lib/gcc/arm-none-eabi/6.3.1/../../../../arm-none-eabi/lib/thumb/v6-m\libc_nano.a(lib_a-nano-vfprintf_i.o)
 .ARM.attributes
                0x00000858       0x2c c:/program files (x86)/atmel/studio/7.0/toolchain/arm/arm-gnu-toolchain/bin/../lib/gcc/arm-none-eabi/6.3.1/../../../../arm-none-eabi/lib/thumb/v6-m\libc_nano.a(lib_a-memchr-stub.o)
 .ARM.attributes
                0x00000884       0x2c c:/program files (x86)/atmel/studio/7.0/toolchain/arm/arm-gnu-toolchain/bin/../lib/gcc/arm-none-eabi/6.3.1/../../../../arm-none-eabi/lib/thumb/v6-m\libc_nano.a(lib_a-memmove.o)
 .ARM.attributes
                0x000008b0       0x2c c:/program files (x86)/atmel/studio/7.0/toolchain/arm/arm-gnu-toolchain/bin/../lib/gcc/arm-none-eabi/6.3.1/../../../../arm-none-eabi/lib/thumb/v6-m\libc_nano.a(lib_a-nano-freer.o)
 .ARM.attributes
                0x000008dc       0x2c c:/program files (x86)/atmel/studio/7.0/toolchain/arm/arm-gnu-toolchain/bin/../lib/gcc/arm-none-eabi/6.3.1/../../../../arm-none-eabi/lib/thumb/v6-m\libc_nano.a(lib_a-nano-mallocr.o)
 .ARM.attributes
                0x00000908       0x2c c:/program files (x86)/atmel/studio/7.0/toolchain/arm/arm-gnu-toolchain/bin/../lib/gcc/arm-none-eabi/6.3.1/../../../../arm-none-eabi/lib/thumb/v6-m\libc_nano.a(lib_a-nano-reallocr.o)
 .ARM.attributes
                0x00000934       0x2c c:/program files (x86)/atmel/studio/7.0/toolchain/arm/arm-gnu-toolchain/bin/../lib/gcc/arm-none-eabi/6.3.1/../../../../arm-none-eabi/lib/thumb/v6-m\libc_nano.a(lib_a-sbrkr.o)
 .ARM.attributes
                0x00000960       0x2c c:/program files (x86)/atmel/studio/7.0/toolchain/arm/arm-gnu-toolchain/bin/../lib/gcc/arm-none-eabi/6.3.1/../../../../arm-none-eabi/lib/thumb/v6-m\libc_nano.a(lib_a-mlock.o)
 .ARM.attributes
                0x0000098c       0x2c c:/program files (x86)/atmel/studio/7.0/toolchain/arm/arm-gnu-toolchain/bin/../lib/gcc/arm-none-eabi/6.3.1/../../../../arm-none-eabi/lib/thumb/v6-m\libc_nano.a(lib_a-nano-msizer.o)
 .ARM.attributes
                0x000009b8       0x2c c:/program files (x86)/atmel/studio/7.0/toolchain/arm/arm-gnu-toolchain/bin/../lib/gcc/arm-none-eabi/6.3.1/../../../../arm-none-eabi/lib/thumb/v6-m\libc_nano.a(lib_a-reent.o)
 .ARM.attributes
                0x000009e4       0x1e c:/program files (x86)/atmel/studio/7.0/toolchain/arm/arm-gnu-toolchain/bin/../lib/gcc/arm-none-eabi/6.3.1/thumb/v6-m/crtn.o

.comment        0x00000000       0x59
 .comment       0x00000000       0x59 src/ASF/sam0/drivers/sercom/i2c/i2c_sam0/i2c_master.o
                                 0x5a (size before relaxing)
 .comment       0x00000059       0x5a src/at24c32.o
 .comment       0x00000059       0x5a src/ds1307.o
 .comment       0x00000059       0x5a src/esp32interface.o
 .comment       0x00000059       0x5a src/gpioboard.o
 .comment       0x00000059       0x5a src/I2CMasterChannel.o
 .comment       0x00000059       0x5a src/inputsmonitor.o
 .comment       0x00000059       0x5a src/messagestore.o
 .comment       0x00000059       0x5a src/rtccalendar.o
 .comment       0x00000059       0x5a src/schedulertimer.o
 .comment       0x00000059       0x5a src/usartmodule.o
 .comment       0x00000059       0x5a src/ASF/sam0/drivers/rtc/rtc_sam_d_r_h/rtc_calendar.o
 .comment       0x00000059       0x5a src/ASF/sam0/drivers/sercom/sercom.o
 .comment       0x00000059       0x5a src/ASF/sam0/drivers/sercom/usart/usart.o
 .comment       0x00000059       0x5a src/ASF/sam0/drivers/sercom/usart/usart_interrupt.o
 .comment       0x00000059       0x5a src/ASF/sam0/drivers/sercom/sercom_interrupt.o
 .comment       0x00000059       0x5a src/ASF/common/utils/interrupt/interrupt_sam_nvic.o
 .comment       0x00000059       0x5a src/ASF/sam0/boards/samd21_xplained_pro/board_init.o
 .comment       0x00000059       0x5a src/ASF/sam0/drivers/port/port.o
 .comment       0x00000059       0x5a src/ASF/sam0/drivers/system/clock/clock_samd21_r21_da_ha1/clock.o
 .comment       0x00000059       0x5a src/ASF/sam0/drivers/system/clock/clock_samd21_r21_da_ha1/gclk.o
 .comment       0x00000059       0x5a src/ASF/sam0/drivers/system/pinmux/pinmux.o
 .comment       0x00000059       0x5a src/ASF/sam0/drivers/system/system.o
 .comment       0x00000059       0x5a src/ASF/sam0/drivers/tc/tc_interrupt.o
 .comment       0x00000059       0x5a src/ASF/sam0/drivers/tc/tc_sam_d_r_h/tc.o
 .comment       0x00000059       0x5a src/ASF/sam0/utils/cmsis/samd21/source/gcc/startup_samd21.o
 .comment       0x00000059       0x5a src/ASF/sam0/utils/syscalls/gcc/syscalls.o
 .comment       0x00000059       0x5a src/main.o

.debug_info     0x00000000    0x3b1a5
 .debug_info    0x00000000     0x4bb9 src/ASF/sam0/drivers/sercom/i2c/i2c_sam0/i2c_master.o
 .debug_info    0x00004bb9      0xd6b src/at24c32.o
 .debug_info    0x00005924      0xdf8 src/ds1307.o
 .debug_info    0x0000671c      0xda7 src/esp32interface.o
 .debug_info    0x000074c3     0x15e3 src/gpioboard.o
 .debug_info    0x00008aa6     0x2fc9 src/I2CMasterChannel.o
 .debug_info    0x0000ba6f      0xe65 src/inputsmonitor.o
 .debug_info    0x0000c8d4      0xe1f src/messagestore.o
 .debug_info    0x0000d6f3     0x2566 src/rtccalendar.o
 .debug_info    0x0000fc59     0x23a5 src/schedulertimer.o
 .debug_info    0x00011ffe     0x35bb src/usartmodule.o
 .debug_info    0x000155b9     0x3335 src/ASF/sam0/drivers/rtc/rtc_sam_d_r_h/rtc_calendar.o
 .debug_info    0x000188ee     0x2ddf src/ASF/sam0/drivers/sercom/sercom.o
 .debug_info    0x0001b6cd     0x4ab0 src/ASF/sam0/drivers/sercom/usart/usart.o
 .debug_info    0x0002017d     0x3048 src/ASF/sam0/drivers/sercom/usart/usart_interrupt.o
 .debug_info    0x000231c5     0x2be7 src/ASF/sam0/drivers/sercom/sercom_interrupt.o
 .debug_info    0x00025dac      0xb07 src/ASF/common/utils/interrupt/interrupt_sam_nvic.o
 .debug_info    0x000268b3     0x12ad src/ASF/sam0/boards/samd21_xplained_pro/board_init.o
 .debug_info    0x00027b60     0x12b6 src/ASF/sam0/drivers/port/port.o
 .debug_info    0x00028e16     0x396e src/ASF/sam0/drivers/system/clock/clock_samd21_r21_da_ha1/clock.o
 .debug_info    0x0002c784     0x1ec7 src/ASF/sam0/drivers/system/clock/clock_samd21_r21_da_ha1/gclk.o
 .debug_info    0x0002e64b     0x13f3 src/ASF/sam0/drivers/system/pinmux/pinmux.o
 .debug_info    0x0002fa3e      0xa73 src/ASF/sam0/drivers/system/system.o
 .debug_info    0x000304b1     0x1bae src/ASF/sam0/drivers/tc/tc_interrupt.o
 .debug_info    0x0003205f     0x2f58 src/ASF/sam0/drivers/tc/tc_sam_d_r_h/tc.o
 .debug_info    0x00034fb7     0x3a3f src/ASF/sam0/utils/cmsis/samd21/source/gcc/startup_samd21.o
 .debug_info    0x000389f6      0xd98 src/ASF/sam0/utils/syscalls/gcc/syscalls.o
 .debug_info    0x0003978e     0x1a17 src/main.o

.debug_abbrev   0x00000000     0x5d40
 .debug_abbrev  0x00000000      0x4f4 src/ASF/sam0/drivers/sercom/i2c/i2c_sam0/i2c_master.o
 .debug_abbrev  0x000004f4      0x230 src/at24c32.o
 .debug_abbrev  0x00000724      0x2b3 src/ds1307.o
 .debug_abbrev  0x000009d7      0x28b src/esp32interface.o
 .debug_abbrev  0x00000c62      0x379 src/gpioboard.o
 .debug_abbrev  0x00000fdb      0x333 src/I2CMasterChannel.o
 .debug_abbrev  0x0000130e      0x2b8 src/inputsmonitor.o
 .debug_abbrev  0x000015c6      0x2dc src/messagestore.o
 .debug_abbrev  0x000018a2      0x379 src/rtccalendar.o
 .debug_abbrev  0x00001c1b      0x454 src/schedulertimer.o
 .debug_abbrev  0x0000206f      0x407 src/usartmodule.o
 .debug_abbrev  0x00002476      0x4c8 src/ASF/sam0/drivers/rtc/rtc_sam_d_r_h/rtc_calendar.o
 .debug_abbrev  0x0000293e      0x378 src/ASF/sam0/drivers/sercom/sercom.o
 .debug_abbrev  0x00002cb6      0x488 src/ASF/sam0/drivers/sercom/usart/usart.o
 .debug_abbrev  0x0000313e      0x416 src/ASF/sam0/drivers/sercom/usart/usart_interrupt.o
 .debug_abbrev  0x00003554      0x2d8 src/ASF/sam0/drivers/sercom/sercom_interrupt.o
 .debug_abbrev  0x0000382c      0x22c src/ASF/common/utils/interrupt/interrupt_sam_nvic.o
 .debug_abbrev  0x00003a58      0x2dc src/ASF/sam0/boards/samd21_xplained_pro/board_init.o
 .debug_abbrev  0x00003d34      0x298 src/ASF/sam0/drivers/port/port.o
 .debug_abbrev  0x00003fcc      0x493 src/ASF/sam0/drivers/system/clock/clock_samd21_r21_da_ha1/clock.o
 .debug_abbrev  0x0000445f      0x40d src/ASF/sam0/drivers/system/clock/clock_samd21_r21_da_ha1/gclk.o
 .debug_abbrev  0x0000486c      0x361 src/ASF/sam0/drivers/system/pinmux/pinmux.o
 .debug_abbrev  0x00004bcd      0x1e1 src/ASF/sam0/drivers/system/system.o
 .debug_abbrev  0x00004dae      0x2ff src/ASF/sam0/drivers/tc/tc_interrupt.o
 .debug_abbrev  0x000050ad      0x444 src/ASF/sam0/drivers/tc/tc_sam_d_r_h/tc.o
 .debug_abbrev  0x000054f1      0x234 src/ASF/sam0/utils/cmsis/samd21/source/gcc/startup_samd21.o
 .debug_abbrev  0x00005725      0x257 src/ASF/sam0/utils/syscalls/gcc/syscalls.o
 .debug_abbrev  0x0000597c      0x3c4 src/main.o

.debug_loc      0x00000000     0x786f
 .debug_loc     0x00000000      0xed9 src/ASF/sam0/drivers/sercom/i2c/i2c_sam0/i2c_master.o
 .debug_loc     0x00000ed9      0x25a src/at24c32.o
 .debug_loc     0x00001133      0x186 src/ds1307.o
 .debug_loc     0x000012b9      0x157 src/esp32interface.o
 .debug_loc     0x00001410      0x128 src/gpioboard.o
 .debug_loc     0x00001538      0x1ea src/I2CMasterChannel.o
 .debug_loc     0x00001722       0xd9 src/inputsmonitor.o
 .debug_loc     0x000017fb      0x342 src/messagestore.o
 .debug_loc     0x00001b3d      0x177 src/rtccalendar.o
 .debug_loc     0x00001cb4      0x242 src/schedulertimer.o
 .debug_loc     0x00001ef6      0x296 src/usartmodule.o
 .debug_loc     0x0000218c      0x945 src/ASF/sam0/drivers/rtc/rtc_sam_d_r_h/rtc_calendar.o
 .debug_loc     0x00002ad1      0x9d5 src/ASF/sam0/drivers/sercom/sercom.o
 .debug_loc     0x000034a6      0xe2f src/ASF/sam0/drivers/sercom/usart/usart.o
 .debug_loc     0x000042d5      0x711 src/ASF/sam0/drivers/sercom/usart/usart_interrupt.o
 .debug_loc     0x000049e6      0x161 src/ASF/sam0/drivers/sercom/sercom_interrupt.o
 .debug_loc     0x00004b47       0x8b src/ASF/sam0/boards/samd21_xplained_pro/board_init.o
 .debug_loc     0x00004bd2      0x13d src/ASF/sam0/drivers/port/port.o
 .debug_loc     0x00004d0f      0xf3d src/ASF/sam0/drivers/system/clock/clock_samd21_r21_da_ha1/clock.o
 .debug_loc     0x00005c4c      0x504 src/ASF/sam0/drivers/system/clock/clock_samd21_r21_da_ha1/gclk.o
 .debug_loc     0x00006150      0x36d src/ASF/sam0/drivers/system/pinmux/pinmux.o
 .debug_loc     0x000064bd       0x20 src/ASF/sam0/drivers/system/system.o
 .debug_loc     0x000064dd      0x1c8 src/ASF/sam0/drivers/tc/tc_interrupt.o
 .debug_loc     0x000066a5      0xdf1 src/ASF/sam0/drivers/tc/tc_sam_d_r_h/tc.o
 .debug_loc     0x00007496       0x40 src/ASF/sam0/utils/cmsis/samd21/source/gcc/startup_samd21.o
 .debug_loc     0x000074d6       0xef src/ASF/sam0/utils/syscalls/gcc/syscalls.o
 .debug_loc     0x000075c5      0x2aa src/main.o

.debug_aranges  0x00000000      0x7f0
 .debug_aranges
                0x00000000       0xa0 src/ASF/sam0/drivers/sercom/i2c/i2c_sam0/i2c_master.o
 .debug_aranges
                0x000000a0       0x38 src/at24c32.o
 .debug_aranges
                0x000000d8       0x38 src/ds1307.o
 .debug_aranges
                0x00000110       0x38 src/esp32interface.o
 .debug_aranges
                0x00000148       0x28 src/gpioboard.o
 .debug_aranges
                0x00000170       0x30 src/I2CMasterChannel.o
 .debug_aranges
                0x000001a0       0x38 src/inputsmonitor.o
 .debug_aranges
                0x000001d8       0x40 src/messagestore.o
 .debug_aranges
                0x00000218       0x28 src/rtccalendar.o
 .debug_aranges
                0x00000240       0x58 src/schedulertimer.o
 .debug_aranges
                0x00000298       0x48 src/usartmodule.o
 .debug_aranges
                0x000002e0       0x78 src/ASF/sam0/drivers/rtc/rtc_sam_d_r_h/rtc_calendar.o
 .debug_aranges
                0x00000358       0x48 src/ASF/sam0/drivers/sercom/sercom.o
 .debug_aranges
                0x000003a0       0x40 src/ASF/sam0/drivers/sercom/usart/usart.o
 .debug_aranges
                0x000003e0       0x70 src/ASF/sam0/drivers/sercom/usart/usart_interrupt.o
 .debug_aranges
                0x00000450       0x60 src/ASF/sam0/drivers/sercom/sercom_interrupt.o
 .debug_aranges
                0x000004b0       0x28 src/ASF/common/utils/interrupt/interrupt_sam_nvic.o
 .debug_aranges
                0x000004d8       0x20 src/ASF/sam0/boards/samd21_xplained_pro/board_init.o
 .debug_aranges
                0x000004f8       0x28 src/ASF/sam0/drivers/port/port.o
 .debug_aranges
                0x00000520       0x78 src/ASF/sam0/drivers/system/clock/clock_samd21_r21_da_ha1/clock.o
 .debug_aranges
                0x00000598       0x80 src/ASF/sam0/drivers/system/clock/clock_samd21_r21_da_ha1/gclk.o
 .debug_aranges
                0x00000618       0x40 src/ASF/sam0/drivers/system/pinmux/pinmux.o
 .debug_aranges
                0x00000658       0x28 src/ASF/sam0/drivers/system/system.o
 .debug_aranges
                0x00000680       0x58 src/ASF/sam0/drivers/tc/tc_interrupt.o
 .debug_aranges
                0x000006d8       0x58 src/ASF/sam0/drivers/tc/tc_sam_d_r_h/tc.o
 .debug_aranges
                0x00000730       0x28 src/ASF/sam0/utils/cmsis/samd21/source/gcc/startup_samd21.o
 .debug_aranges
                0x00000758       0x60 src/ASF/sam0/utils/syscalls/gcc/syscalls.o
 .debug_aranges
                0x000007b8       0x38 src/main.o

.debug_ranges   0x00000000      0x830
 .debug_ranges  0x00000000       0xa8 src/ASF/sam0/drivers/sercom/i2c/i2c_sam0/i2c_master.o
 .debug_ranges  0x000000a8       0x28 src/at24c32.o
 .debug_ranges  0x000000d0       0x28 src/ds1307.o
 .debug_ranges  0x000000f8       0x28 src/esp32interface.o
 .debug_ranges  0x00000120       0x18 src/gpioboard.o
 .debug_ranges  0x00000138       0x20 src/I2CMasterChannel.o
 .debug_ranges  0x00000158       0x28 src/inputsmonitor.o
 .debug_ranges  0x00000180       0x48 src/messagestore.o
 .debug_ranges  0x000001c8       0x18 src/rtccalendar.o
 .debug_ranges  0x000001e0       0x48 src/schedulertimer.o
 .debug_ranges  0x00000228       0x38 src/usartmodule.o
 .debug_ranges  0x00000260       0xb0 src/ASF/sam0/drivers/rtc/rtc_sam_d_r_h/rtc_calendar.o
 .debug_ranges  0x00000310       0x50 src/ASF/sam0/drivers/sercom/sercom.o
 .debug_ranges  0x00000360      0x140 src/ASF/sam0/drivers/sercom/usart/usart.o
 .debug_ranges  0x000004a0       0x60 src/ASF/sam0/drivers/sercom/usart/usart_interrupt.o
 .debug_ranges  0x00000500       0x50 src/ASF/sam0/drivers/sercom/sercom_interrupt.o
 .debug_ranges  0x00000550       0x18 src/ASF/common/utils/interrupt/interrupt_sam_nvic.o
 .debug_ranges  0x00000568       0x10 src/ASF/sam0/boards/samd21_xplained_pro/board_init.o
 .debug_ranges  0x00000578       0x18 src/ASF/sam0/drivers/port/port.o
 .debug_ranges  0x00000590       0x68 src/ASF/sam0/drivers/system/clock/clock_samd21_r21_da_ha1/clock.o
 .debug_ranges  0x000005f8       0x88 src/ASF/sam0/drivers/system/clock/clock_samd21_r21_da_ha1/gclk.o
 .debug_ranges  0x00000680       0x30 src/ASF/sam0/drivers/system/pinmux/pinmux.o
 .debug_ranges  0x000006b0       0x18 src/ASF/sam0/drivers/system/system.o
 .debug_ranges  0x000006c8       0x48 src/ASF/sam0/drivers/tc/tc_interrupt.o
 .debug_ranges  0x00000710       0x90 src/ASF/sam0/drivers/tc/tc_sam_d_r_h/tc.o
 .debug_ranges  0x000007a0       0x18 src/ASF/sam0/utils/cmsis/samd21/source/gcc/startup_samd21.o
 .debug_ranges  0x000007b8       0x50 src/ASF/sam0/utils/syscalls/gcc/syscalls.o
 .debug_ranges  0x00000808       0x28 src/main.o

.debug_macro    0x00000000    0x1f737
 .debug_macro   0x00000000      0x5a5 src/ASF/sam0/drivers/sercom/i2c/i2c_sam0/i2c_master.o
 .debug_macro   0x000005a5      0x8d4 src/ASF/sam0/drivers/sercom/i2c/i2c_sam0/i2c_master.o
 .debug_macro   0x00000e79      0x16d src/ASF/sam0/drivers/sercom/i2c/i2c_sam0/i2c_master.o
 .debug_macro   0x00000fe6      0x6d7 src/ASF/sam0/drivers/sercom/i2c/i2c_sam0/i2c_master.o
 .debug_macro   0x000016bd       0x22 src/ASF/sam0/drivers/sercom/i2c/i2c_sam0/i2c_master.o
 .debug_macro   0x000016df       0x87 src/ASF/sam0/drivers/sercom/i2c/i2c_sam0/i2c_master.o
 .debug_macro   0x00001766       0x51 src/ASF/sam0/drivers/sercom/i2c/i2c_sam0/i2c_master.o
 .debug_macro   0x000017b7       0xef src/ASF/sam0/drivers/sercom/i2c/i2c_sam0/i2c_master.o
 .debug_macro   0x000018a6       0x6a src/ASF/sam0/drivers/sercom/i2c/i2c_sam0/i2c_master.o
 .debug_macro   0x00001910      0x1df src/ASF/sam0/drivers/sercom/i2c/i2c_sam0/i2c_master.o
 .debug_macro   0x00001aef       0x10 src/ASF/sam0/drivers/sercom/i2c/i2c_sam0/i2c_master.o
 .debug_macro   0x00001aff       0x76 src/ASF/sam0/drivers/sercom/i2c/i2c_sam0/i2c_master.o
 .debug_macro   0x00001b75       0x16 src/ASF/sam0/drivers/sercom/i2c/i2c_sam0/i2c_master.o
 .debug_macro   0x00001b8b      0x6db src/ASF/sam0/drivers/sercom/i2c/i2c_sam0/i2c_master.o
 .debug_macro   0x00002266      0xdd8 src/ASF/sam0/drivers/sercom/i2c/i2c_sam0/i2c_master.o
 .debug_macro   0x0000303e       0x22 src/ASF/sam0/drivers/sercom/i2c/i2c_sam0/i2c_master.o
 .debug_macro   0x00003060       0x40 src/ASF/sam0/drivers/sercom/i2c/i2c_sam0/i2c_master.o
 .debug_macro   0x000030a0       0x3a src/ASF/sam0/drivers/sercom/i2c/i2c_sam0/i2c_master.o
 .debug_macro   0x000030da       0x1f src/ASF/sam0/drivers/sercom/i2c/i2c_sam0/i2c_master.o
 .debug_macro   0x000030f9      0x250 src/ASF/sam0/drivers/sercom/i2c/i2c_sam0/i2c_master.o
 .debug_macro   0x00003349      0x681 src/ASF/sam0/drivers/sercom/i2c/i2c_sam0/i2c_master.o
 .debug_macro   0x000039ca      0x8b5 src/ASF/sam0/drivers/sercom/i2c/i2c_sam0/i2c_master.o
 .debug_macro   0x0000427f      0x230 src/ASF/sam0/drivers/sercom/i2c/i2c_sam0/i2c_master.o
 .debug_macro   0x000044af      0xd60 src/ASF/sam0/drivers/sercom/i2c/i2c_sam0/i2c_master.o
 .debug_macro   0x0000520f      0x4cb src/ASF/sam0/drivers/sercom/i2c/i2c_sam0/i2c_master.o
 .debug_macro   0x000056da      0x9f8 src/ASF/sam0/drivers/sercom/i2c/i2c_sam0/i2c_master.o
 .debug_macro   0x000060d2      0x82b src/ASF/sam0/drivers/sercom/i2c/i2c_sam0/i2c_master.o
 .debug_macro   0x000068fd      0x455 src/ASF/sam0/drivers/sercom/i2c/i2c_sam0/i2c_master.o
 .debug_macro   0x00006d52       0x5e src/ASF/sam0/drivers/sercom/i2c/i2c_sam0/i2c_master.o
 .debug_macro   0x00006db0      0x8fd src/ASF/sam0/drivers/sercom/i2c/i2c_sam0/i2c_master.o
 .debug_macro   0x000076ad      0x21c src/ASF/sam0/drivers/sercom/i2c/i2c_sam0/i2c_master.o
 .debug_macro   0x000078c9      0x95b src/ASF/sam0/drivers/sercom/i2c/i2c_sam0/i2c_master.o
 .debug_macro   0x00008224       0x5e src/ASF/sam0/drivers/sercom/i2c/i2c_sam0/i2c_master.o
 .debug_macro   0x00008282      0x667 src/ASF/sam0/drivers/sercom/i2c/i2c_sam0/i2c_master.o
 .debug_macro   0x000088e9      0x3af src/ASF/sam0/drivers/sercom/i2c/i2c_sam0/i2c_master.o
 .debug_macro   0x00008c98      0xc7a src/ASF/sam0/drivers/sercom/i2c/i2c_sam0/i2c_master.o
 .debug_macro   0x00009912     0x1092 src/ASF/sam0/drivers/sercom/i2c/i2c_sam0/i2c_master.o
 .debug_macro   0x0000a9a4      0xc4a src/ASF/sam0/drivers/sercom/i2c/i2c_sam0/i2c_master.o
 .debug_macro   0x0000b5ee      0x6ba src/ASF/sam0/drivers/sercom/i2c/i2c_sam0/i2c_master.o
 .debug_macro   0x0000bca8     0x1bbf src/ASF/sam0/drivers/sercom/i2c/i2c_sam0/i2c_master.o
 .debug_macro   0x0000d867     0x1440 src/ASF/sam0/drivers/sercom/i2c/i2c_sam0/i2c_master.o
 .debug_macro   0x0000eca7      0x344 src/ASF/sam0/drivers/sercom/i2c/i2c_sam0/i2c_master.o
 .debug_macro   0x0000efeb       0x7c src/ASF/sam0/drivers/sercom/i2c/i2c_sam0/i2c_master.o
 .debug_macro   0x0000f067       0xa0 src/ASF/sam0/drivers/sercom/i2c/i2c_sam0/i2c_master.o
 .debug_macro   0x0000f107       0x4c src/ASF/sam0/drivers/sercom/i2c/i2c_sam0/i2c_master.o
 .debug_macro   0x0000f153       0xca src/ASF/sam0/drivers/sercom/i2c/i2c_sam0/i2c_master.o
 .debug_macro   0x0000f21d       0x94 src/ASF/sam0/drivers/sercom/i2c/i2c_sam0/i2c_master.o
 .debug_macro   0x0000f2b1       0x58 src/ASF/sam0/drivers/sercom/i2c/i2c_sam0/i2c_master.o
 .debug_macro   0x0000f309      0x37d src/ASF/sam0/drivers/sercom/i2c/i2c_sam0/i2c_master.o
 .debug_macro   0x0000f686       0x82 src/ASF/sam0/drivers/sercom/i2c/i2c_sam0/i2c_master.o
 .debug_macro   0x0000f708      0x18d src/ASF/sam0/drivers/sercom/i2c/i2c_sam0/i2c_master.o
 .debug_macro   0x0000f895       0xb8 src/ASF/sam0/drivers/sercom/i2c/i2c_sam0/i2c_master.o
 .debug_macro   0x0000f94d       0xa0 src/ASF/sam0/drivers/sercom/i2c/i2c_sam0/i2c_master.o
 .debug_macro   0x0000f9ed       0xb8 src/ASF/sam0/drivers/sercom/i2c/i2c_sam0/i2c_master.o
 .debug_macro   0x0000faa5       0x1c src/ASF/sam0/drivers/sercom/i2c/i2c_sam0/i2c_master.o
 .debug_macro   0x0000fac1       0x1c src/ASF/sam0/drivers/sercom/i2c/i2c_sam0/i2c_master.o
 .debug_macro   0x0000fadd       0x1c src/ASF/sam0/drivers/sercom/i2c/i2c_sam0/i2c_master.o
 .debug_macro   0x0000faf9       0x82 src/ASF/sam0/drivers/sercom/i2c/i2c_sam0/i2c_master.o
 .debug_macro   0x0000fb7b      0x15a src/ASF/sam0/drivers/sercom/i2c/i2c_sam0/i2c_master.o
 .debug_macro   0x0000fcd5       0xdc src/ASF/sam0/drivers/sercom/i2c/i2c_sam0/i2c_master.o
 .debug_macro   0x0000fdb1      0x128 src/ASF/sam0/drivers/sercom/i2c/i2c_sam0/i2c_master.o
 .debug_macro   0x0000fed9      0x128 src/ASF/sam0/drivers/sercom/i2c/i2c_sam0/i2c_master.o
 .debug_macro   0x00010001      0x128 src/ASF/sam0/drivers/sercom/i2c/i2c_sam0/i2c_master.o
 .debug_macro   0x00010129      0x128 src/ASF/sam0/drivers/sercom/i2c/i2c_sam0/i2c_master.o
 .debug_macro   0x00010251      0x128 src/ASF/sam0/drivers/sercom/i2c/i2c_sam0/i2c_master.o
 .debug_macro   0x00010379      0x128 src/ASF/sam0/drivers/sercom/i2c/i2c_sam0/i2c_master.o
 .debug_macro   0x000104a1      0x124 src/ASF/sam0/drivers/sercom/i2c/i2c_sam0/i2c_master.o
 .debug_macro   0x000105c5       0xe2 src/ASF/sam0/drivers/sercom/i2c/i2c_sam0/i2c_master.o
 .debug_macro   0x000106a7       0xe2 src/ASF/sam0/drivers/sercom/i2c/i2c_sam0/i2c_master.o
 .debug_macro   0x00010789       0xe2 src/ASF/sam0/drivers/sercom/i2c/i2c_sam0/i2c_master.o
 .debug_macro   0x0001086b       0xe2 src/ASF/sam0/drivers/sercom/i2c/i2c_sam0/i2c_master.o
 .debug_macro   0x0001094d       0xe2 src/ASF/sam0/drivers/sercom/i2c/i2c_sam0/i2c_master.o
 .debug_macro   0x00010a2f      0x130 src/ASF/sam0/drivers/sercom/i2c/i2c_sam0/i2c_master.o
 .debug_macro   0x00010b5f      0x106 src/ASF/sam0/drivers/sercom/i2c/i2c_sam0/i2c_master.o
 .debug_macro   0x00010c65       0xfa src/ASF/sam0/drivers/sercom/i2c/i2c_sam0/i2c_master.o
 .debug_macro   0x00010d5f      0x40f src/ASF/sam0/drivers/sercom/i2c/i2c_sam0/i2c_master.o
 .debug_macro   0x0001116e       0x40 src/ASF/sam0/drivers/sercom/i2c/i2c_sam0/i2c_master.o
 .debug_macro   0x000111ae      0x37d src/ASF/sam0/drivers/sercom/i2c/i2c_sam0/i2c_master.o
 .debug_macro   0x0001152b     0x1e52 src/ASF/sam0/drivers/sercom/i2c/i2c_sam0/i2c_master.o
 .debug_macro   0x0001337d       0x6d src/ASF/sam0/drivers/sercom/i2c/i2c_sam0/i2c_master.o
 .debug_macro   0x000133ea       0x58 src/ASF/sam0/drivers/sercom/i2c/i2c_sam0/i2c_master.o
 .debug_macro   0x00013442       0x35 src/ASF/sam0/drivers/sercom/i2c/i2c_sam0/i2c_master.o
 .debug_macro   0x00013477       0x9c src/ASF/sam0/drivers/sercom/i2c/i2c_sam0/i2c_master.o
 .debug_macro   0x00013513       0x16 src/ASF/sam0/drivers/sercom/i2c/i2c_sam0/i2c_master.o
 .debug_macro   0x00013529       0x35 src/ASF/sam0/drivers/sercom/i2c/i2c_sam0/i2c_master.o
 .debug_macro   0x0001355e      0x353 src/ASF/sam0/drivers/sercom/i2c/i2c_sam0/i2c_master.o
 .debug_macro   0x000138b1       0x10 src/ASF/sam0/drivers/sercom/i2c/i2c_sam0/i2c_master.o
 .debug_macro   0x000138c1       0x58 src/ASF/sam0/drivers/sercom/i2c/i2c_sam0/i2c_master.o
 .debug_macro   0x00013919       0x1f src/ASF/sam0/drivers/sercom/i2c/i2c_sam0/i2c_master.o
 .debug_macro   0x00013938       0x43 src/ASF/sam0/drivers/sercom/i2c/i2c_sam0/i2c_master.o
 .debug_macro   0x0001397b       0x20 src/ASF/sam0/drivers/sercom/i2c/i2c_sam0/i2c_master.o
 .debug_macro   0x0001399b      0x187 src/ASF/sam0/drivers/sercom/i2c/i2c_sam0/i2c_master.o
 .debug_macro   0x00013b22       0x10 src/ASF/sam0/drivers/sercom/i2c/i2c_sam0/i2c_master.o
 .debug_macro   0x00013b32       0x1c src/ASF/sam0/drivers/sercom/i2c/i2c_sam0/i2c_master.o
 .debug_macro   0x00013b4e       0x52 src/ASF/sam0/drivers/sercom/i2c/i2c_sam0/i2c_master.o
 .debug_macro   0x00013ba0       0x40 src/ASF/sam0/drivers/sercom/i2c/i2c_sam0/i2c_master.o
 .debug_macro   0x00013be0       0x10 src/ASF/sam0/drivers/sercom/i2c/i2c_sam0/i2c_master.o
 .debug_macro   0x00013bf0       0x40 src/ASF/sam0/drivers/sercom/i2c/i2c_sam0/i2c_master.o
 .debug_macro   0x00013c30       0xd7 src/ASF/sam0/drivers/sercom/i2c/i2c_sam0/i2c_master.o
 .debug_macro   0x00013d07       0x16 src/ASF/sam0/drivers/sercom/i2c/i2c_sam0/i2c_master.o
 .debug_macro   0x00013d1d      0x18b src/ASF/sam0/drivers/sercom/i2c/i2c_sam0/i2c_master.o
 .debug_macro   0x00013ea8       0x16 src/ASF/sam0/drivers/sercom/i2c/i2c_sam0/i2c_master.o
 .debug_macro   0x00013ebe       0x16 src/ASF/sam0/drivers/sercom/i2c/i2c_sam0/i2c_master.o
 .debug_macro   0x00013ed4       0x29 src/ASF/sam0/drivers/sercom/i2c/i2c_sam0/i2c_master.o
 .debug_macro   0x00013efd       0x51 src/ASF/sam0/drivers/sercom/i2c/i2c_sam0/i2c_master.o
 .debug_macro   0x00013f4e       0x3e src/ASF/sam0/drivers/sercom/i2c/i2c_sam0/i2c_master.o
 .debug_macro   0x00013f8c      0x3df src/ASF/sam0/drivers/sercom/i2c/i2c_sam0/i2c_master.o
 .debug_macro   0x0001436b       0x11 src/ASF/sam0/drivers/sercom/i2c/i2c_sam0/i2c_master.o
 .debug_macro   0x0001437c       0x18 src/ASF/sam0/drivers/sercom/i2c/i2c_sam0/i2c_master.o
 .debug_macro   0x00014394       0x16 src/ASF/sam0/drivers/sercom/i2c/i2c_sam0/i2c_master.o
 .debug_macro   0x000143aa       0x2e src/ASF/sam0/drivers/sercom/i2c/i2c_sam0/i2c_master.o
 .debug_macro   0x000143d8       0xb2 src/ASF/sam0/drivers/sercom/i2c/i2c_sam0/i2c_master.o
 .debug_macro   0x0001448a       0x10 src/ASF/sam0/drivers/sercom/i2c/i2c_sam0/i2c_master.o
 .debug_macro   0x0001449a       0x27 src/ASF/sam0/drivers/sercom/i2c/i2c_sam0/i2c_master.o
 .debug_macro   0x000144c1      0x6d9 src/at24c32.o
 .debug_macro   0x00014b9a       0x16 src/at24c32.o
 .debug_macro   0x00014bb0       0x16 src/at24c32.o
 .debug_macro   0x00014bc6      0x2c3 src/at24c32.o
 .debug_macro   0x00014e89      0x9f4 src/at24c32.o
 .debug_macro   0x0001587d      0x298 src/at24c32.o
 .debug_macro   0x00015b15       0x2d src/at24c32.o
 .debug_macro   0x00015b42       0x2e src/at24c32.o
 .debug_macro   0x00015b70       0x49 src/at24c32.o
 .debug_macro   0x00015bb9       0x6c src/at24c32.o
 .debug_macro   0x00015c25       0x16 src/at24c32.o
 .debug_macro   0x00015c3b      0x6c9 src/ds1307.o
 .debug_macro   0x00016304       0x10 src/ds1307.o
 .debug_macro   0x00016314      0x6d9 src/esp32interface.o
 .debug_macro   0x000169ed       0x16 src/esp32interface.o
 .debug_macro   0x00016a03      0x6c3 src/gpioboard.o
 .debug_macro   0x000170c6      0x6c3 src/I2CMasterChannel.o
 .debug_macro   0x00017789      0x6cd src/inputsmonitor.o
 .debug_macro   0x00017e56       0x16 src/inputsmonitor.o
 .debug_macro   0x00017e6c      0x6d5 src/messagestore.o
 .debug_macro   0x00018541       0x1c src/messagestore.o
 .debug_macro   0x0001855d      0x6be src/rtccalendar.o
 .debug_macro   0x00018c1b      0x6bc src/schedulertimer.o
 .debug_macro   0x000192d7       0x28 src/schedulertimer.o
 .debug_macro   0x000192ff      0x6c2 src/usartmodule.o
 .debug_macro   0x000199c1       0x10 src/usartmodule.o
 .debug_macro   0x000199d1      0x54a src/ASF/sam0/drivers/rtc/rtc_sam_d_r_h/rtc_calendar.o
 .debug_macro   0x00019f1b      0x59f src/ASF/sam0/drivers/sercom/sercom.o
 .debug_macro   0x0001a4ba      0x5b0 src/ASF/sam0/drivers/sercom/usart/usart.o
 .debug_macro   0x0001aa6a       0x51 src/ASF/sam0/drivers/sercom/usart/usart.o
 .debug_macro   0x0001aabb      0x5b0 src/ASF/sam0/drivers/sercom/usart/usart_interrupt.o
 .debug_macro   0x0001b06b      0x59c src/ASF/sam0/drivers/sercom/sercom_interrupt.o
 .debug_macro   0x0001b607      0x512 src/ASF/common/utils/interrupt/interrupt_sam_nvic.o
 .debug_macro   0x0001bb19      0x54e src/ASF/sam0/boards/samd21_xplained_pro/board_init.o
 .debug_macro   0x0001c067      0x52c src/ASF/sam0/drivers/port/port.o
 .debug_macro   0x0001c593      0x583 src/ASF/sam0/drivers/system/clock/clock_samd21_r21_da_ha1/clock.o
 .debug_macro   0x0001cb16      0x548 src/ASF/sam0/drivers/system/clock/clock_samd21_r21_da_ha1/gclk.o
 .debug_macro   0x0001d05e      0x522 src/ASF/sam0/drivers/system/pinmux/pinmux.o
 .debug_macro   0x0001d580       0x12 src/ASF/sam0/drivers/system/pinmux/pinmux.o
 .debug_macro   0x0001d592      0x555 src/ASF/sam0/drivers/system/system.o
 .debug_macro   0x0001dae7      0x57f src/ASF/sam0/drivers/tc/tc_interrupt.o
 .debug_macro   0x0001e066       0x19 src/ASF/sam0/drivers/tc/tc_interrupt.o
 .debug_macro   0x0001e07f       0x51 src/ASF/sam0/drivers/tc/tc_interrupt.o
 .debug_macro   0x0001e0d0      0x59b src/ASF/sam0/drivers/tc/tc_sam_d_r_h/tc.o
 .debug_macro   0x0001e66b      0x2f9 src/ASF/sam0/utils/cmsis/samd21/source/gcc/startup_samd21.o
 .debug_macro   0x0001e964       0x3a src/ASF/sam0/utils/cmsis/samd21/source/gcc/startup_samd21.o
 .debug_macro   0x0001e99e      0x1d6 src/ASF/sam0/utils/syscalls/gcc/syscalls.o
 .debug_macro   0x0001eb74       0x52 src/ASF/sam0/utils/syscalls/gcc/syscalls.o
 .debug_macro   0x0001ebc6       0x8d src/ASF/sam0/utils/syscalls/gcc/syscalls.o
 .debug_macro   0x0001ec53       0x57 src/ASF/sam0/utils/syscalls/gcc/syscalls.o
 .debug_macro   0x0001ecaa       0x97 src/ASF/sam0/utils/syscalls/gcc/syscalls.o
 .debug_macro   0x0001ed41       0xf6 src/ASF/sam0/utils/syscalls/gcc/syscalls.o
 .debug_macro   0x0001ee37       0x4c src/ASF/sam0/utils/syscalls/gcc/syscalls.o
 .debug_macro   0x0001ee83       0x16 src/ASF/sam0/utils/syscalls/gcc/syscalls.o
 .debug_macro   0x0001ee99       0x10 src/ASF/sam0/utils/syscalls/gcc/syscalls.o
 .debug_macro   0x0001eea9       0x10 src/ASF/sam0/utils/syscalls/gcc/syscalls.o
 .debug_macro   0x0001eeb9       0x35 src/ASF/sam0/utils/syscalls/gcc/syscalls.o
 .debug_macro   0x0001eeee      0x122 src/ASF/sam0/utils/syscalls/gcc/syscalls.o
 .debug_macro   0x0001f010      0x727 src/main.o

.debug_line     0x00000000    0x15144
 .debug_line    0x00000000      0xdf8 src/ASF/sam0/drivers/sercom/i2c/i2c_sam0/i2c_master.o
 .debug_line    0x00000df8      0xdf4 src/at24c32.o
 .debug_line    0x00001bec      0xdf3 src/ds1307.o
 .debug_line    0x000029df      0xe03 src/esp32interface.o
 .debug_line    0x000037e2      0xdc8 src/gpioboard.o
 .debug_line    0x000045aa      0xdf7 src/I2CMasterChannel.o
 .debug_line    0x000053a1      0xe1a src/inputsmonitor.o
 .debug_line    0x000061bb      0xe4b src/messagestore.o
 .debug_line    0x00007006      0xdd2 src/rtccalendar.o
 .debug_line    0x00007dd8      0xea4 src/schedulertimer.o
 .debug_line    0x00008c7c      0xe58 src/usartmodule.o
 .debug_line    0x00009ad4      0xba0 src/ASF/sam0/drivers/rtc/rtc_sam_d_r_h/rtc_calendar.o
 .debug_line    0x0000a674      0xbdd src/ASF/sam0/drivers/sercom/sercom.o
 .debug_line    0x0000b251      0xd48 src/ASF/sam0/drivers/sercom/usart/usart.o
 .debug_line    0x0000bf99      0xcd6 src/ASF/sam0/drivers/sercom/usart/usart_interrupt.o
 .debug_line    0x0000cc6f      0xb81 src/ASF/sam0/drivers/sercom/sercom_interrupt.o
 .debug_line    0x0000d7f0      0x8d7 src/ASF/common/utils/interrupt/interrupt_sam_nvic.o
 .debug_line    0x0000e0c7      0x97f src/ASF/sam0/boards/samd21_xplained_pro/board_init.o
 .debug_line    0x0000ea46      0x904 src/ASF/sam0/drivers/port/port.o
 .debug_line    0x0000f34a      0xcb1 src/ASF/sam0/drivers/system/clock/clock_samd21_r21_da_ha1/clock.o
 .debug_line    0x0000fffb      0xc80 src/ASF/sam0/drivers/system/clock/clock_samd21_r21_da_ha1/gclk.o
 .debug_line    0x00010c7b      0x951 src/ASF/sam0/drivers/system/pinmux/pinmux.o
 .debug_line    0x000115cc      0x9fb src/ASF/sam0/drivers/system/system.o
 .debug_line    0x00011fc7      0xaac src/ASF/sam0/drivers/tc/tc_interrupt.o
 .debug_line    0x00012a73      0xda0 src/ASF/sam0/drivers/tc/tc_sam_d_r_h/tc.o
 .debug_line    0x00013813      0x656 src/ASF/sam0/utils/cmsis/samd21/source/gcc/startup_samd21.o
 .debug_line    0x00013e69      0x409 src/ASF/sam0/utils/syscalls/gcc/syscalls.o
 .debug_line    0x00014272      0xed2 src/main.o

.debug_str      0x00000000    0x8ff5d
 .debug_str     0x00000000    0x84546 src/ASF/sam0/drivers/sercom/i2c/i2c_sam0/i2c_master.o
                              0x84f89 (size before relaxing)
 .debug_str     0x00084546     0x52be src/at24c32.o
                              0x88a38 (size before relaxing)
 .debug_str     0x00089804       0xbb src/ds1307.o
                              0x88a19 (size before relaxing)
 .debug_str     0x000898bf      0x407 src/esp32interface.o
                              0x88d8f (size before relaxing)
 .debug_str     0x00089cc6      0x354 src/gpioboard.o
                              0x88fe3 (size before relaxing)
 .debug_str     0x0008a01a      0x10a src/I2CMasterChannel.o
                              0x89b8c (size before relaxing)
 .debug_str     0x0008a124      0x1ac src/inputsmonitor.o
                              0x88e32 (size before relaxing)
 .debug_str     0x0008a2d0      0x154 src/messagestore.o
                              0x88ab2 (size before relaxing)
 .debug_str     0x0008a424      0x776 src/rtccalendar.o
                              0x894a7 (size before relaxing)
 .debug_str     0x0008ab9a      0xc90 src/schedulertimer.o
                              0x89b74 (size before relaxing)
 .debug_str     0x0008b82a      0x7d3 src/usartmodule.o
                              0x8a35f (size before relaxing)
 .debug_str     0x0008bffd      0x192 src/ASF/sam0/drivers/rtc/rtc_sam_d_r_h/rtc_calendar.o
                              0x84f85 (size before relaxing)
 .debug_str     0x0008c18f      0x34f src/ASF/sam0/drivers/sercom/sercom.o
                              0x845ee (size before relaxing)
 .debug_str     0x0008c4de      0x11f src/ASF/sam0/drivers/sercom/usart/usart.o
                              0x853a7 (size before relaxing)
 .debug_str     0x0008c5fd      0x1c3 src/ASF/sam0/drivers/sercom/usart/usart_interrupt.o
                              0x845ed (size before relaxing)
 .debug_str     0x0008c7c0      0x158 src/ASF/sam0/drivers/sercom/sercom_interrupt.o
                              0x84489 (size before relaxing)
 .debug_str     0x0008c918       0x66 src/ASF/common/utils/interrupt/interrupt_sam_nvic.o
                              0x82efb (size before relaxing)
 .debug_str     0x0008c97e       0x64 src/ASF/sam0/boards/samd21_xplained_pro/board_init.o
                              0x86c07 (size before relaxing)
 .debug_str     0x0008c9e2       0x5e src/ASF/sam0/drivers/port/port.o
                              0x83327 (size before relaxing)
 .debug_str     0x0008ca40     0x1742 src/ASF/sam0/drivers/system/clock/clock_samd21_r21_da_ha1/clock.o
                              0x86108 (size before relaxing)
 .debug_str     0x0008e182      0x1f2 src/ASF/sam0/drivers/system/clock/clock_samd21_r21_da_ha1/gclk.o
                              0x83bbe (size before relaxing)
 .debug_str     0x0008e374      0x179 src/ASF/sam0/drivers/system/pinmux/pinmux.o
                              0x8339d (size before relaxing)
 .debug_str     0x0008e4ed       0x47 src/ASF/sam0/drivers/system/system.o
                              0x82fd8 (size before relaxing)
 .debug_str     0x0008e534       0xd0 src/ASF/sam0/drivers/tc/tc_interrupt.o
                              0x83c90 (size before relaxing)
 .debug_str     0x0008e604      0x20b src/ASF/sam0/drivers/tc/tc_sam_d_r_h/tc.o
                              0x84550 (size before relaxing)
 .debug_str     0x0008e80f      0xf18 src/ASF/sam0/utils/cmsis/samd21/source/gcc/startup_samd21.o
                              0x6e3e5 (size before relaxing)
 .debug_str     0x0008f727      0x75b src/ASF/sam0/utils/syscalls/gcc/syscalls.o
                               0x73fe (size before relaxing)
 .debug_str     0x0008fe82       0xdb src/main.o
                              0x893be (size before relaxing)

.debug_frame    0x00000000     0x16e0
 .debug_frame   0x00000000      0x1e8 src/ASF/sam0/drivers/sercom/i2c/i2c_sam0/i2c_master.o
 .debug_frame   0x000001e8       0x7c src/at24c32.o
 .debug_frame   0x00000264       0x78 src/ds1307.o
 .debug_frame   0x000002dc       0x68 src/esp32interface.o
 .debug_frame   0x00000344       0x40 src/gpioboard.o
 .debug_frame   0x00000384       0x6c src/I2CMasterChannel.o
 .debug_frame   0x000003f0       0x88 src/inputsmonitor.o
 .debug_frame   0x00000478       0xac src/messagestore.o
 .debug_frame   0x00000524       0x50 src/rtccalendar.o
 .debug_frame   0x00000574       0xc8 src/schedulertimer.o
 .debug_frame   0x0000063c       0x98 src/usartmodule.o
 .debug_frame   0x000006d4      0x130 src/ASF/sam0/drivers/rtc/rtc_sam_d_r_h/rtc_calendar.o
 .debug_frame   0x00000804       0xbc src/ASF/sam0/drivers/sercom/sercom.o
 .debug_frame   0x000008c0       0xac src/ASF/sam0/drivers/sercom/usart/usart.o
 .debug_frame   0x0000096c      0x110 src/ASF/sam0/drivers/sercom/usart/usart_interrupt.o
 .debug_frame   0x00000a7c       0xe8 src/ASF/sam0/drivers/sercom/sercom_interrupt.o
 .debug_frame   0x00000b64       0x30 src/ASF/common/utils/interrupt/interrupt_sam_nvic.o
 .debug_frame   0x00000b94       0x30 src/ASF/sam0/boards/samd21_xplained_pro/board_init.o
 .debug_frame   0x00000bc4       0x44 src/ASF/sam0/drivers/port/port.o
 .debug_frame   0x00000c08      0x150 src/ASF/sam0/drivers/system/clock/clock_samd21_r21_da_ha1/clock.o
 .debug_frame   0x00000d58      0x148 src/ASF/sam0/drivers/system/clock/clock_samd21_r21_da_ha1/gclk.o
 .debug_frame   0x00000ea0       0x98 src/ASF/sam0/drivers/system/pinmux/pinmux.o
 .debug_frame   0x00000f38       0x38 src/ASF/sam0/drivers/system/system.o
 .debug_frame   0x00000f70       0xc4 src/ASF/sam0/drivers/tc/tc_interrupt.o
 .debug_frame   0x00001034       0xb4 src/ASF/sam0/drivers/tc/tc_sam_d_r_h/tc.o
 .debug_frame   0x000010e8       0x40 src/ASF/sam0/utils/cmsis/samd21/source/gcc/startup_samd21.o
 .debug_frame   0x00001128       0xa0 src/ASF/sam0/utils/syscalls/gcc/syscalls.o
 .debug_frame   0x000011c8       0x84 src/main.o
 .debug_frame   0x0000124c       0x20 c:/program files (x86)/atmel/studio/7.0/toolchain/arm/arm-gnu-toolchain/bin/../lib/gcc/arm-none-eabi/6.3.1/thumb/v6-m\libgcc.a(_udivsi3.o)
 .debug_frame   0x0000126c       0x34 c:/program files (x86)/atmel/studio/7.0/toolchain/arm/arm-gnu-toolchain/bin/../lib/gcc/arm-none-eabi/6.3.1/thumb/v6-m\libgcc.a(_muldi3.o)
 .debug_frame   0x000012a0       0x3c c:/program files (x86)/atmel/studio/7.0/toolchain/arm/arm-gnu-toolchain/bin/../lib/gcc/arm-none-eabi/6.3.1/thumb/v6-m\libgcc.a(adddf3.o)
 .debug_frame   0x000012dc       0x3c c:/program files (x86)/atmel/studio/7.0/toolchain/arm/arm-gnu-toolchain/bin/../lib/gcc/arm-none-eabi/6.3.1/thumb/v6-m\libgcc.a(divdf3.o)
 .debug_frame   0x00001318       0x3c c:/program files (x86)/atmel/studio/7.0/toolchain/arm/arm-gnu-toolchain/bin/../lib/gcc/arm-none-eabi/6.3.1/thumb/v6-m\libgcc.a(muldf3.o)
 .debug_frame   0x00001354       0x38 c:/program files (x86)/atmel/studio/7.0/toolchain/arm/arm-gnu-toolchain/bin/../lib/gcc/arm-none-eabi/6.3.1/thumb/v6-m\libgcc.a(subdf3.o)
 .debug_frame   0x0000138c       0x2c c:/program files (x86)/atmel/studio/7.0/toolchain/arm/arm-gnu-toolchain/bin/../lib/gcc/arm-none-eabi/6.3.1/thumb/v6-m\libgcc.a(fixdfsi.o)
 .debug_frame   0x000013b8       0x28 c:/program files (x86)/atmel/studio/7.0/toolchain/arm/arm-gnu-toolchain/bin/../lib/gcc/arm-none-eabi/6.3.1/thumb/v6-m\libgcc.a(floatunsidf.o)
 .debug_frame   0x000013e0       0x2c c:/program files (x86)/atmel/studio/7.0/toolchain/arm/arm-gnu-toolchain/bin/../lib/gcc/arm-none-eabi/6.3.1/../../../../arm-none-eabi/lib/thumb/v6-m\libc_nano.a(lib_a-init.o)
 .debug_frame   0x0000140c       0x28 c:/program files (x86)/atmel/studio/7.0/toolchain/arm/arm-gnu-toolchain/bin/../lib/gcc/arm-none-eabi/6.3.1/../../../../arm-none-eabi/lib/thumb/v6-m\libc_nano.a(lib_a-memcpy-stub.o)
 .debug_frame   0x00001434       0x50 c:/program files (x86)/atmel/studio/7.0/toolchain/arm/arm-gnu-toolchain/bin/../lib/gcc/arm-none-eabi/6.3.1/../../../../arm-none-eabi/lib/thumb/v6-m\libc_nano.a(lib_a-sprintf.o)
 .debug_frame   0x00001484       0x74 c:/program files (x86)/atmel/studio/7.0/toolchain/arm/arm-gnu-toolchain/bin/../lib/gcc/arm-none-eabi/6.3.1/../../../../arm-none-eabi/lib/thumb/v6-m\libc_nano.a(lib_a-nano-svfprintf.o)
 .debug_frame   0x000014f8       0x54 c:/program files (x86)/atmel/studio/7.0/toolchain/arm/arm-gnu-toolchain/bin/../lib/gcc/arm-none-eabi/6.3.1/../../../../arm-none-eabi/lib/thumb/v6-m\libc_nano.a(lib_a-nano-vfprintf_i.o)
 .debug_frame   0x0000154c       0x20 c:/program files (x86)/atmel/studio/7.0/toolchain/arm/arm-gnu-toolchain/bin/../lib/gcc/arm-none-eabi/6.3.1/../../../../arm-none-eabi/lib/thumb/v6-m\libc_nano.a(lib_a-memchr-stub.o)
 .debug_frame   0x0000156c       0x28 c:/program files (x86)/atmel/studio/7.0/toolchain/arm/arm-gnu-toolchain/bin/../lib/gcc/arm-none-eabi/6.3.1/../../../../arm-none-eabi/lib/thumb/v6-m\libc_nano.a(lib_a-memmove.o)
 .debug_frame   0x00001594       0x2c c:/program files (x86)/atmel/studio/7.0/toolchain/arm/arm-gnu-toolchain/bin/../lib/gcc/arm-none-eabi/6.3.1/../../../../arm-none-eabi/lib/thumb/v6-m\libc_nano.a(lib_a-nano-freer.o)
 .debug_frame   0x000015c0       0x2c c:/program files (x86)/atmel/studio/7.0/toolchain/arm/arm-gnu-toolchain/bin/../lib/gcc/arm-none-eabi/6.3.1/../../../../arm-none-eabi/lib/thumb/v6-m\libc_nano.a(lib_a-nano-mallocr.o)
 .debug_frame   0x000015ec       0x30 c:/program files (x86)/atmel/studio/7.0/toolchain/arm/arm-gnu-toolchain/bin/../lib/gcc/arm-none-eabi/6.3.1/../../../../arm-none-eabi/lib/thumb/v6-m\libc_nano.a(lib_a-nano-reallocr.o)
 .debug_frame   0x0000161c       0x2c c:/program files (x86)/atmel/studio/7.0/toolchain/arm/arm-gnu-toolchain/bin/../lib/gcc/arm-none-eabi/6.3.1/../../../../arm-none-eabi/lib/thumb/v6-m\libc_nano.a(lib_a-sbrkr.o)
 .debug_frame   0x00001648       0x30 c:/program files (x86)/atmel/studio/7.0/toolchain/arm/arm-gnu-toolchain/bin/../lib/gcc/arm-none-eabi/6.3.1/../../../../arm-none-eabi/lib/thumb/v6-m\libc_nano.a(lib_a-mlock.o)
 .debug_frame   0x00001678       0x20 c:/program files (x86)/atmel/studio/7.0/toolchain/arm/arm-gnu-toolchain/bin/../lib/gcc/arm-none-eabi/6.3.1/../../../../arm-none-eabi/lib/thumb/v6-m\libc_nano.a(lib_a-nano-msizer.o)
 .debug_frame   0x00001698       0x48 c:/program files (x86)/atmel/studio/7.0/toolchain/arm/arm-gnu-toolchain/bin/../lib/gcc/arm-none-eabi/6.3.1/../../../../arm-none-eabi/lib/thumb/v6-m\libc_nano.a(lib_a-reent.o)

Cross Reference Table

Symbol                                            File
AC_Handler                                        src/ASF/sam0/utils/cmsis/samd21/source/gcc/startup_samd21.o
ADC_Handler                                       src/ASF/sam0/utils/cmsis/samd21/source/gcc/startup_samd21.o
AT24C32ReadByte                                   src/at24c32.o
                                                  src/messagestore.o
AT24C32ReadPage                                   src/at24c32.o